Archive member included to satisfy reference by file (symbol)

.\CortexM3\ARM_GCC_541\Debug\BilProjekt.a(CyLib.o)
                              .\CortexM3\ARM_GCC_541\Debug\Cm3Start.o (CyHalt)
.\CortexM3\ARM_GCC_541\Debug\BilProjekt.a(cyPm.o)
                              .\CortexM3\ARM_GCC_541\Debug\BilProjekt.a(CyLib.o) (CyPmReadStatus)
.\CortexM3\ARM_GCC_541\Debug\BilProjekt.a(UART_1.o)
                              .\CortexM3\ARM_GCC_541\Debug\main.o (UART_1_Start)
.\CortexM3\ARM_GCC_541\Debug\BilProjekt.a(Pin_1_7.o)
                              .\CortexM3\ARM_GCC_541\Debug\DCControl.o (Pin_1_7_Write)
.\CortexM3\ARM_GCC_541\Debug\BilProjekt.a(Pin_1_6.o)
                              .\CortexM3\ARM_GCC_541\Debug\DCControl.o (Pin_1_6_Write)
.\CortexM3\ARM_GCC_541\Debug\BilProjekt.a(UART_1_IntClock.o)
                              .\CortexM3\ARM_GCC_541\Debug\BilProjekt.a(UART_1.o) (UART_1_IntClock_Start)
.\CortexM3\ARM_GCC_541\Debug\BilProjekt.a(Pin_RPi.o)
                              .\CortexM3\ARM_GCC_541\Debug\main.o (Pin_RPi_Read)
.\CortexM3\ARM_GCC_541\Debug\BilProjekt.a(Pin_SensorRight_Trig.o)
                              .\CortexM3\ARM_GCC_541\Debug\distSensor.o (Pin_SensorRight_Trig_Write)
.\CortexM3\ARM_GCC_541\Debug\BilProjekt.a(Pin_SensorRight_Echo.o)
                              .\CortexM3\ARM_GCC_541\Debug\distSensor.o (Pin_SensorRight_Echo_Read)
.\CortexM3\ARM_GCC_541\Debug\BilProjekt.a(PWM_DC.o)
                              .\CortexM3\ARM_GCC_541\Debug\DCControl.o (PWM_DC_WriteCompare)
.\CortexM3\ARM_GCC_541\Debug\BilProjekt.a(PWM_Servo.o)
                              .\CortexM3\ARM_GCC_541\Debug\servoControl.o (PWM_Servo_WriteCompare)
.\CortexM3\ARM_GCC_541\Debug\BilProjekt.a(Pin_SensorFront_Trig.o)
                              .\CortexM3\ARM_GCC_541\Debug\distSensor.o (Pin_SensorFront_Trig_Write)
.\CortexM3\ARM_GCC_541\Debug\BilProjekt.a(Pin_SensorFront_Echo.o)
                              .\CortexM3\ARM_GCC_541\Debug\distSensor.o (Pin_SensorFront_Echo_Read)
.\CortexM3\ARM_GCC_541\Debug\BilProjekt.a(Pin_interrupt.o)
                              .\CortexM3\ARM_GCC_541\Debug\interruptRoutine.o (Pin_interrupt_ClearInterrupt)
.\CortexM3\ARM_GCC_541\Debug\BilProjekt.a(isr_RPi.o)
                              .\CortexM3\ARM_GCC_541\Debug\main.o (isr_RPi_StartEx)
.\CortexM3\ARM_GCC_541\Debug\BilProjekt.a(CyBootAsmGnu.o)
                              .\CortexM3\ARM_GCC_541\Debug\cyfitter_cfg.o (CyDelayCycles)
.\CortexM3\ARM_GCC_541\Debug\BilProjekt.a(CyFlash.o)
                              .\CortexM3\ARM_GCC_541\Debug\BilProjekt.a(cyPm.o) (CyFlash_SetWaitCycles)
.\CortexM3\ARM_GCC_541\Debug\BilProjekt.a(CySpc.o)
                              .\CortexM3\ARM_GCC_541\Debug\BilProjekt.a(CyFlash.o) (CySpcStart)
c:/program files (x86)/cypress/psoc creator/4.3/psoc creator/import/gnu/arm/5.4.1/bin/../lib/gcc/arm-none-eabi/5.4.1/armv7-m\libgcc.a(_arm_addsubdf3.o)
                              .\CortexM3\ARM_GCC_541\Debug\distSensor.o (__aeabi_dsub)
c:/program files (x86)/cypress/psoc creator/4.3/psoc creator/import/gnu/arm/5.4.1/bin/../lib/gcc/arm-none-eabi/5.4.1/armv7-m\libgcc.a(_arm_muldivdf3.o)
                              .\CortexM3\ARM_GCC_541\Debug\distSensor.o (__aeabi_ddiv)
c:/program files (x86)/cypress/psoc creator/4.3/psoc creator/import/gnu/arm/5.4.1/bin/../lib/gcc/arm-none-eabi/5.4.1/armv7-m\libgcc.a(_arm_fixdfsi.o)
                              .\CortexM3\ARM_GCC_541\Debug\distSensor.o (__aeabi_d2iz)
c:/program files (x86)/cypress/psoc creator/4.3/psoc creator/import/gnu/arm/5.4.1/bin/../lib/gcc/arm-none-eabi/5.4.1/../../../../arm-none-eabi/lib/armv7-m\libg_nano.a(lib_a-errno.o)
                              .\CortexM3\ARM_GCC_541\Debug\Cm3Start.o (__errno)
c:/program files (x86)/cypress/psoc creator/4.3/psoc creator/import/gnu/arm/5.4.1/bin/../lib/gcc/arm-none-eabi/5.4.1/../../../../arm-none-eabi/lib/armv7-m\libg_nano.a(lib_a-exit.o)
                              c:/program files (x86)/cypress/psoc creator/4.3/psoc creator/import/gnu/arm/5.4.1/bin/../lib/gcc/arm-none-eabi/5.4.1/../../../../arm-none-eabi/lib/armv7-m/crt0.o (exit)
c:/program files (x86)/cypress/psoc creator/4.3/psoc creator/import/gnu/arm/5.4.1/bin/../lib/gcc/arm-none-eabi/5.4.1/../../../../arm-none-eabi/lib/armv7-m\libg_nano.a(lib_a-impure.o)
                              c:/program files (x86)/cypress/psoc creator/4.3/psoc creator/import/gnu/arm/5.4.1/bin/../lib/gcc/arm-none-eabi/5.4.1/../../../../arm-none-eabi/lib/armv7-m\libg_nano.a(lib_a-exit.o) (_global_impure_ptr)
c:/program files (x86)/cypress/psoc creator/4.3/psoc creator/import/gnu/arm/5.4.1/bin/../lib/gcc/arm-none-eabi/5.4.1/../../../../arm-none-eabi/lib/armv7-m\libg_nano.a(lib_a-init.o)
                              c:/program files (x86)/cypress/psoc creator/4.3/psoc creator/import/gnu/arm/5.4.1/bin/../lib/gcc/arm-none-eabi/5.4.1/../../../../arm-none-eabi/lib/armv7-m/crt0.o (__libc_init_array)
[...]
Memory Configuration

Name             Origin             Length             Attributes
rom              0x00000000         0x00040000         xr
ram              0x1fff8000         0x00010000         xrw
*default*        0x00000000         0xffffffff

Linker script and memory map

LOAD c:/program files (x86)/cypress/psoc creator/4.3/psoc creator/import/gnu/arm/5.4.1/bin/../lib/gcc/arm-none-eabi/5.4.1/armv7-m/crti.o
LOAD c:/program files (x86)/cypress/psoc creator/4.3/psoc creator/import/gnu/arm/5.4.1/bin/../lib/gcc/arm-none-eabi/5.4.1/armv7-m/crtbegin.o
LOAD c:/program files (x86)/cypress/psoc creator/4.3/psoc creator/import/gnu/arm/5.4.1/bin/../lib/gcc/arm-none-eabi/5.4.1/../../../../arm-none-eabi/lib/armv7-m/crt0.o
START GROUP
LOAD .\CortexM3\ARM_GCC_541\Debug\main.o
LOAD .\CortexM3\ARM_GCC_541\Debug\distSensor.o
LOAD .\CortexM3\ARM_GCC_541\Debug\DCControl.o
LOAD .\CortexM3\ARM_GCC_541\Debug\servoControl.o
LOAD .\CortexM3\ARM_GCC_541\Debug\interruptRoutine.o
LOAD .\CortexM3\ARM_GCC_541\Debug\cyfitter_cfg.o
LOAD .\CortexM3\ARM_GCC_541\Debug\cymetadata.o
LOAD .\CortexM3\ARM_GCC_541\Debug\Cm3Start.o
LOAD .\CortexM3\ARM_GCC_541\Debug\BilProjekt.a
LOAD C:\Program Files (x86)\Cypress\PSoC Creator\4.3\PSoC Creator\psoc\content\cycomponentlibrary\CyComponentLibrary.cylib\CortexM3\ARM_GCC_541\Debug\CyComponentLibrary.a
END GROUP
START GROUP
LOAD c:/program files (x86)/cypress/psoc creator/4.3/psoc creator/import/gnu/arm/5.4.1/bin/../lib/gcc/arm-none-eabi/5.4.1/armv7-m\libgcc.a
LOAD c:/program files (x86)/cypress/psoc creator/4.3/psoc creator/import/gnu/arm/5.4.1/bin/../lib/gcc/arm-none-eabi/5.4.1/../../../../arm-none-eabi/lib/armv7-m\libg_nano.a
LOAD c:/program files (x86)/cypress/psoc creator/4.3/psoc creator/import/gnu/arm/5.4.1/bin/../lib/gcc/arm-none-eabi/5.4.1/../../../../arm-none-eabi/lib/armv7-m\libc_nano.a
END GROUP
START GROUP
LOAD c:/program files (x86)/cypress/psoc creator/4.3/psoc creator/import/gnu/arm/5.4.1/bin/../lib/gcc/arm-none-eabi/5.4.1/armv7-m\libgcc.a
LOAD c:/program files (x86)/cypress/psoc creator/4.3/psoc creator/import/gnu/arm/5.4.1/bin/../lib/gcc/arm-none-eabi/5.4.1/../../../../arm-none-eabi/lib/armv7-m\libc_nano.a
END GROUP
LOAD c:/program files (x86)/cypress/psoc creator/4.3/psoc creator/import/gnu/arm/5.4.1/bin/../lib/gcc/arm-none-eabi/5.4.1/armv7-m/crtend.o
LOAD c:/program files (x86)/cypress/psoc creator/4.3/psoc creator/import/gnu/arm/5.4.1/bin/../lib/gcc/arm-none-eabi/5.4.1/armv7-m/crtn.o
START GROUP
LOAD c:/program files (x86)/cypress/psoc creator/4.3/psoc creator/import/gnu/arm/5.4.1/bin/../lib/gcc/arm-none-eabi/5.4.1/armv7-m\libgcc.a
LOAD c:/program files (x86)/cypress/psoc creator/4.3/psoc creator/import/gnu/arm/5.4.1/bin/../lib/gcc/arm-none-eabi/5.4.1/../../../../arm-none-eabi/lib/armv7-m\libc.a
LOAD c:/program files (x86)/cypress/psoc creator/4.3/psoc creator/import/gnu/arm/5.4.1/bin/../lib/gcc/arm-none-eabi/5.4.1/../../../../arm-none-eabi/lib/armv7-m\libnosys.a
END GROUP
                0x00000000                CY_APPL_ORIGIN = 0x0
                0x00000100                CY_FLASH_ROW_SIZE = 0x100
                0x00000020                CY_ECC_ROW_SIZE = 0x20
                0x00000000                CY_EE_IN_BTLDR = 0x0
                0x00000000                CY_APPL_LOADABLE = 0x0
                0x00000800                CY_EE_SIZE = 0x800
                0x00000001                CY_APPL_NUM = 0x1
                0x00000001                CY_APPL_MAX = 0x1
                0x00000040                CY_METADATA_SIZE = 0x40
                0x00000000                CY_APPL_LOADABLE = 0x0
                0x00000000                CY_CHECKSUM_EXCLUDE_SIZE = ALIGN (0x0, CY_FLASH_ROW_SIZE)
                [!provide]                PROVIDE (__cy_heap_start, _end)
                0x00000001                PROVIDE (__cy_region_num, ((__cy_regions_end - __cy_regions) / 0x10))
                0x20008000                PROVIDE (__cy_stack, (ORIGIN (ram) + LENGTH (ram)))
                [!provide]                PROVIDE (__cy_heap_end, (__cy_stack - 0x800))

.cybootloader   0x00000000        0x0
 *(.cybootloader)
                0x00000000                appl1_start = CY_APPL_ORIGIN?CY_APPL_ORIGIN:ALIGN (CY_FLASH_ROW_SIZE)
                0x0001ff00                appl2_start = (appl1_start + ALIGN ((((LENGTH (rom) - appl1_start) - (0x2 * CY_FLASH_ROW_SIZE)) / 0x2), CY_FLASH_ROW_SIZE))
                0x00000000                appl_start = (CY_APPL_NUM == 0x1)?appl1_start:appl2_start
                0x00000000                ecc_offset = ((appl_start / CY_FLASH_ROW_SIZE) * CY_ECC_ROW_SIZE)
                0x00000000                ee_offset = (CY_APPL_LOADABLE && ! (CY_EE_IN_BTLDR))?((CY_EE_SIZE / CY_APPL_MAX) * (CY_APPL_NUM - 0x1)):0x0
                0x00000800                ee_size = (CY_APPL_LOADABLE && ! (CY_EE_IN_BTLDR))?(CY_EE_SIZE / CY_APPL_MAX):CY_EE_SIZE
                [!provide]                PROVIDE (CY_ECC_OFFSET, ecc_offset)

.text           0x00000000     0x12d2
 CREATE_OBJECT_SYMBOLS
                0x00000000                PROVIDE (__cy_interrupt_vector, RomVectors)
 *(.romvectors)
 .romvectors    0x00000000       0x10 .\CortexM3\ARM_GCC_541\Debug\Cm3Start.o
                0x00000000                RomVectors
                0x00000001                ASSERT ((. != __cy_interrupt_vector), No interrupt vector)
                0x00000001                ASSERT (CY_APPL_ORIGIN?(SIZEOF (.cybootloader) <= CY_APPL_ORIGIN):0x1, Wrong image location)
                0x00000010                PROVIDE (__cy_reset, Reset)
 *(.text.Reset)
 .text.Reset    0x00000010       0x18 .\CortexM3\ARM_GCC_541\Debug\Cm3Start.o
                0x00000010                Reset
                0x00000001                ASSERT ((. != __cy_reset), No reset code)
 *(.dma_init)
                0x00000001                ASSERT ((((appl_start + .) <= 0x10000) || 0x1), DMA Init must be within the first 64k of flash)
 *(.text .text.* .gnu.linkonce.t.*)
 .text          0x00000028       0x5c c:/program files (x86)/cypress/psoc creator/4.3/psoc creator/import/gnu/arm/5.4.1/bin/../lib/gcc/arm-none-eabi/5.4.1/armv7-m/crtbegin.o
 .text.main     0x00000084      0x154 .\CortexM3\ARM_GCC_541\Debug\main.o
                0x00000084                main
 .text.getDistance
                0x000001d8       0xc8 .\CortexM3\ARM_GCC_541\Debug\distSensor.o
                0x000001d8                getDistance
 .text.driveForwards
                0x000002a0       0x28 .\CortexM3\ARM_GCC_541\Debug\DCControl.o
                0x000002a0                driveForwards
 .text.driveBackwards
                0x000002c8       0x28 .\CortexM3\ARM_GCC_541\Debug\DCControl.o
                0x000002c8                driveBackwards
 .text.stopDriving
                0x000002f0       0x1c .\CortexM3\ARM_GCC_541\Debug\DCControl.o
                0x000002f0                stopDriving
 .text.turnWheelsRight
                0x0000030c        0xc .\CortexM3\ARM_GCC_541\Debug\servoControl.o
                0x0000030c                turnWheelsRight
 .text.turnWheelsLeft
                0x00000318        0xc .\CortexM3\ARM_GCC_541\Debug\servoControl.o
                0x00000318                turnWheelsLeft
 .text.middlePos
                0x00000324        0xc .\CortexM3\ARM_GCC_541\Debug\servoControl.o
                0x00000324                middlePos
 .text.GPIO_ISR
                0x00000330       0x30 .\CortexM3\ARM_GCC_541\Debug\interruptRoutine.o
                0x00000330                GPIO_ISR
 .text.CyClockStartupError
                0x00000360        0x4 .\CortexM3\ARM_GCC_541\Debug\cyfitter_cfg.o
 .text.cfg_write_bytes32
                0x00000364       0x34 .\CortexM3\ARM_GCC_541\Debug\cyfitter_cfg.o
 .text.AnalogSetDefault
                0x00000398       0x28 .\CortexM3\ARM_GCC_541\Debug\cyfitter_cfg.o
 .text.CYMEMZERO
                0x000003c0        0xc .\CortexM3\ARM_GCC_541\Debug\cyfitter_cfg.o
 .text.ClockSetup
                0x000003cc       0xd4 .\CortexM3\ARM_GCC_541\Debug\cyfitter_cfg.o
 .text.CYCONFIGCPY
                0x000004a0        0x8 .\CortexM3\ARM_GCC_541\Debug\cyfitter_cfg.o
 .text.cyfitter_cfg
                0x000004a8      0x124 .\CortexM3\ARM_GCC_541\Debug\cyfitter_cfg.o
                0x000004a8                cyfitter_cfg
 .text.IntDefaultHandler
                0x000005cc       0x10 .\CortexM3\ARM_GCC_541\Debug\Cm3Start.o
                0x000005cc                IntDefaultHandler
 .text.Start_c  0x000005dc       0x4c .\CortexM3\ARM_GCC_541\Debug\Cm3Start.o
                0x000005dc                Start_c
 .text.initialize_psoc
                0x00000628       0x68 .\CortexM3\ARM_GCC_541\Debug\Cm3Start.o
                0x00000628                initialize_psoc
 .text.CyDelay  0x00000690       0x2c .\CortexM3\ARM_GCC_541\Debug\BilProjekt.a(CyLib.o)
                0x00000690                CyDelay
 .text.CyDelayUs
                0x000006bc       0x14 .\CortexM3\ARM_GCC_541\Debug\BilProjekt.a(CyLib.o)
                0x000006bc                CyDelayUs
 .text.UART_1_Init
                0x000006d0       0x28 .\CortexM3\ARM_GCC_541\Debug\BilProjekt.a(UART_1.o)
                0x000006d0                UART_1_Init
 .text.UART_1_Enable
                0x000006f8       0x38 .\CortexM3\ARM_GCC_541\Debug\BilProjekt.a(UART_1.o)
                0x000006f8                UART_1_Enable
 .text.UART_1_Start
                0x00000730       0x1c .\CortexM3\ARM_GCC_541\Debug\BilProjekt.a(UART_1.o)
                0x00000730                UART_1_Start
 .text.UART_1_PutChar
                0x0000074c       0x18 .\CortexM3\ARM_GCC_541\Debug\BilProjekt.a(UART_1.o)
                0x0000074c                UART_1_PutChar
 .text.UART_1_PutString
                0x00000764       0x24 .\CortexM3\ARM_GCC_541\Debug\BilProjekt.a(UART_1.o)
                0x00000764                UART_1_PutString
 .text.Pin_1_7_Write
                0x00000788       0x18 .\CortexM3\ARM_GCC_541\Debug\BilProjekt.a(Pin_1_7.o)
                0x00000788                Pin_1_7_Write
 .text.Pin_1_6_Write
                0x000007a0       0x18 .\CortexM3\ARM_GCC_541\Debug\BilProjekt.a(Pin_1_6.o)
                0x000007a0                Pin_1_6_Write
 .text.UART_1_IntClock_Start
                0x000007b8       0x1c .\CortexM3\ARM_GCC_541\Debug\BilProjekt.a(UART_1_IntClock.o)
                0x000007b8                UART_1_IntClock_Start
 .text.Pin_RPi_Read
                0x000007d4       0x10 .\CortexM3\ARM_GCC_541\Debug\BilProjekt.a(Pin_RPi.o)
                0x000007d4                Pin_RPi_Read
 .text.Pin_SensorRight_Trig_Write
                0x000007e4       0x18 .\CortexM3\ARM_GCC_541\Debug\BilProjekt.a(Pin_SensorRight_Trig.o)
                0x000007e4                Pin_SensorRight_Trig_Write
 .text.Pin_SensorRight_Echo_Read
                0x000007fc        0xc .\CortexM3\ARM_GCC_541\Debug\BilProjekt.a(Pin_SensorRight_Echo.o)
                0x000007fc                Pin_SensorRight_Echo_Read
 .text.PWM_DC_Enable
                0x00000808       0x10 .\CortexM3\ARM_GCC_541\Debug\BilProjekt.a(PWM_DC.o)
                0x00000808                PWM_DC_Enable
 .text.PWM_DC_WriteCounter
                0x00000818        0xc .\CortexM3\ARM_GCC_541\Debug\BilProjekt.a(PWM_DC.o)
                0x00000818                PWM_DC_WriteCounter
 .text.PWM_DC_WritePeriod
                0x00000824        0xc .\CortexM3\ARM_GCC_541\Debug\BilProjekt.a(PWM_DC.o)
                0x00000824                PWM_DC_WritePeriod
 .text.PWM_DC_WriteCompare
                0x00000830        0xc .\CortexM3\ARM_GCC_541\Debug\BilProjekt.a(PWM_DC.o)
                0x00000830                PWM_DC_WriteCompare
 .text.PWM_DC_SetInterruptMode
                0x0000083c        0xc .\CortexM3\ARM_GCC_541\Debug\BilProjekt.a(PWM_DC.o)
                0x0000083c                PWM_DC_SetInterruptMode
 .text.PWM_DC_ReadStatusRegister
                0x00000848        0xc .\CortexM3\ARM_GCC_541\Debug\BilProjekt.a(PWM_DC.o)
                0x00000848                PWM_DC_ReadStatusRegister
 .text.PWM_DC_ReadCapture
                0x00000854        0xc .\CortexM3\ARM_GCC_541\Debug\BilProjekt.a(PWM_DC.o)
                0x00000854                PWM_DC_ReadCapture
 .text.PWM_DC_ClearFIFO
                0x00000860       0x14 .\CortexM3\ARM_GCC_541\Debug\BilProjekt.a(PWM_DC.o)
                0x00000860                PWM_DC_ClearFIFO
 .text.PWM_DC_Init
                0x00000874       0x54 .\CortexM3\ARM_GCC_541\Debug\BilProjekt.a(PWM_DC.o)
                0x00000874                PWM_DC_Init
 .text.PWM_DC_Start
                0x000008c8       0x1c .\CortexM3\ARM_GCC_541\Debug\BilProjekt.a(PWM_DC.o)
                0x000008c8                PWM_DC_Start
 .text.PWM_Servo_Enable
                0x000008e4       0x10 .\CortexM3\ARM_GCC_541\Debug\BilProjekt.a(PWM_Servo.o)
                0x000008e4                PWM_Servo_Enable
 .text.PWM_Servo_WriteCounter
                0x000008f4        0xc .\CortexM3\ARM_GCC_541\Debug\BilProjekt.a(PWM_Servo.o)
                0x000008f4                PWM_Servo_WriteCounter
 .text.PWM_Servo_WritePeriod
                0x00000900        0xc .\CortexM3\ARM_GCC_541\Debug\BilProjekt.a(PWM_Servo.o)
                0x00000900                PWM_Servo_WritePeriod
 .text.PWM_Servo_WriteCompare
                0x0000090c        0xc .\CortexM3\ARM_GCC_541\Debug\BilProjekt.a(PWM_Servo.o)
                0x0000090c                PWM_Servo_WriteCompare
 .text.PWM_Servo_SetInterruptMode
                0x00000918        0xc .\CortexM3\ARM_GCC_541\Debug\BilProjekt.a(PWM_Servo.o)
                0x00000918                PWM_Servo_SetInterruptMode
 .text.PWM_Servo_ReadStatusRegister
                0x00000924        0xc .\CortexM3\ARM_GCC_541\Debug\BilProjekt.a(PWM_Servo.o)
                0x00000924                PWM_Servo_ReadStatusRegister
 .text.PWM_Servo_ReadCapture
                0x00000930        0xc .\CortexM3\ARM_GCC_541\Debug\BilProjekt.a(PWM_Servo.o)
                0x00000930                PWM_Servo_ReadCapture
 .text.PWM_Servo_ClearFIFO
                0x0000093c       0x14 .\CortexM3\ARM_GCC_541\Debug\BilProjekt.a(PWM_Servo.o)
                0x0000093c                PWM_Servo_ClearFIFO
 .text.PWM_Servo_Init
                0x00000950       0x60 .\CortexM3\ARM_GCC_541\Debug\BilProjekt.a(PWM_Servo.o)
                0x00000950                PWM_Servo_Init
 .text.PWM_Servo_Start
                0x000009b0       0x1c .\CortexM3\ARM_GCC_541\Debug\BilProjekt.a(PWM_Servo.o)
                0x000009b0                PWM_Servo_Start
 .text.Pin_SensorFront_Trig_Write
                0x000009cc       0x18 .\CortexM3\ARM_GCC_541\Debug\BilProjekt.a(Pin_SensorFront_Trig.o)
                0x000009cc                Pin_SensorFront_Trig_Write
 .text.Pin_SensorFront_Echo_Read
                0x000009e4        0xc .\CortexM3\ARM_GCC_541\Debug\BilProjekt.a(Pin_SensorFront_Echo.o)
                0x000009e4                Pin_SensorFront_Echo_Read
 .text.Pin_interrupt_ClearInterrupt
                0x000009f0       0x10 .\CortexM3\ARM_GCC_541\Debug\BilProjekt.a(Pin_interrupt.o)
                0x000009f0                Pin_interrupt_ClearInterrupt
 .text.isr_RPi_SetVector
                0x00000a00        0xc .\CortexM3\ARM_GCC_541\Debug\BilProjekt.a(isr_RPi.o)
                0x00000a00                isr_RPi_SetVector
 .text.isr_RPi_SetPriority
                0x00000a0c       0x10 .\CortexM3\ARM_GCC_541\Debug\BilProjekt.a(isr_RPi.o)
                0x00000a0c                isr_RPi_SetPriority
 .text.isr_RPi_Enable
                0x00000a1c        0xc .\CortexM3\ARM_GCC_541\Debug\BilProjekt.a(isr_RPi.o)
                0x00000a1c                isr_RPi_Enable
 .text.isr_RPi_Disable
                0x00000a28        0xc .\CortexM3\ARM_GCC_541\Debug\BilProjekt.a(isr_RPi.o)
                0x00000a28                isr_RPi_Disable
 .text.isr_RPi_StartEx
                0x00000a34       0x1c .\CortexM3\ARM_GCC_541\Debug\BilProjekt.a(isr_RPi.o)
                0x00000a34                isr_RPi_StartEx
 .text          0x00000a50       0x20 .\CortexM3\ARM_GCC_541\Debug\BilProjekt.a(CyBootAsmGnu.o)
                0x00000a50                CyDelayCycles
                0x00000a60                CyEnterCriticalSection
                0x00000a68                CyExitCriticalSection
 .text          0x00000a70      0x370 c:/program files (x86)/cypress/psoc creator/4.3/psoc creator/import/gnu/arm/5.4.1/bin/../lib/gcc/arm-none-eabi/5.4.1/armv7-m\libgcc.a(_arm_addsubdf3.o)
                0x00000a70                __aeabi_drsub
                0x00000a78                __aeabi_dsub
                0x00000a78                __subdf3
                0x00000a7c                __aeabi_dadd
                0x00000a7c                __adddf3
                0x00000cf4                __floatunsidf
                0x00000cf4                __aeabi_ui2d
                0x00000d14                __floatsidf
                0x00000d14                __aeabi_i2d
                0x00000d38                __aeabi_f2d
                0x00000d38                __extendsfdf2
                0x00000d74                __floatundidf
                0x00000d74                __aeabi_ul2d
                0x00000d84                __floatdidf
                0x00000d84                __aeabi_l2d
 .text          0x00000de0      0x424 c:/program files (x86)/cypress/psoc creator/4.3/psoc creator/import/gnu/arm/5.4.1/bin/../lib/gcc/arm-none-eabi/5.4.1/armv7-m\libgcc.a(_arm_muldivdf3.o)
                0x00000de0                __aeabi_dmul
                0x00000de0                __muldf3
                0x00001034                __divdf3
                0x00001034                __aeabi_ddiv
 .text          0x00001204       0x50 c:/program files (x86)/cypress/psoc creator/4.3/psoc creator/import/gnu/arm/5.4.1/bin/../lib/gcc/arm-none-eabi/5.4.1/armv7-m\libgcc.a(_arm_fixdfsi.o)
                0x00001204                __aeabi_d2iz
                0x00001204                __fixdfsi
 .text.__errno  0x00001254        0xc c:/program files (x86)/cypress/psoc creator/4.3/psoc creator/import/gnu/arm/5.4.1/bin/../lib/gcc/arm-none-eabi/5.4.1/../../../../arm-none-eabi/lib/armv7-m\libg_nano.a(lib_a-errno.o)
                0x00001254                __errno
 .text.__libc_init_array
                0x00001260       0x4c c:/program files (x86)/cypress/psoc creator/4.3/psoc creator/import/gnu/arm/5.4.1/bin/../lib/gcc/arm-none-eabi/5.4.1/../../../../arm-none-eabi/lib/armv7-m\libg_nano.a(lib_a-init.o)
                0x00001260                __libc_init_array
 .text.memcpy   0x000012ac       0x16 c:/program files (x86)/cypress/psoc creator/4.3/psoc creator/import/gnu/arm/5.4.1/bin/../lib/gcc/arm-none-eabi/5.4.1/../../../../arm-none-eabi/lib/armv7-m\libg_nano.a(lib_a-memcpy-stub.o)
                0x000012ac                memcpy
 .text.memset   0x000012c2       0x10 c:/program files (x86)/cypress/psoc creator/4.3/psoc creator/import/gnu/arm/5.4.1/bin/../lib/gcc/arm-none-eabi/5.4.1/../../../../arm-none-eabi/lib/armv7-m\libg_nano.a(lib_a-memset.o)
                0x000012c2                memset
 *(.plt)
 *(.gnu.warning)
 *(.glue_7t)
 .glue_7t       0x000012d2        0x0 linker stubs
 *(.glue_7)
 .glue_7        0x000012d2        0x0 linker stubs
 *(.vfp11_veneer)
 .vfp11_veneer  0x000012d2        0x0 linker stubs
 *(.bootloader)
 *(.ARM.extab* .gnu.linkonce.armextab.*)
 *(.gcc_except_table)

.v4_bx          0x000012d4        0x0
 .v4_bx         0x000012d4        0x0 linker stubs

.iplt           0x000012d4        0x0
 .iplt          0x000012d4        0x0 c:/program files (x86)/cypress/psoc creator/4.3/psoc creator/import/gnu/arm/5.4.1/bin/../lib/gcc/arm-none-eabi/5.4.1/armv7-m/crtbegin.o

.eh_frame_hdr
 *(.eh_frame_hdr)

.eh_frame       0x000012d4        0x4
 *(.eh_frame)
 .eh_frame      0x000012d4        0x0 c:/program files (x86)/cypress/psoc creator/4.3/psoc creator/import/gnu/arm/5.4.1/bin/../lib/gcc/arm-none-eabi/5.4.1/armv7-m/crtbegin.o
 .eh_frame      0x000012d4        0x4 c:/program files (x86)/cypress/psoc creator/4.3/psoc creator/import/gnu/arm/5.4.1/bin/../lib/gcc/arm-none-eabi/5.4.1/armv7-m/crtend.o
                [!provide]                PROVIDE (__exidx_start, .)

.ARM.exidx
 *(.ARM.exidx* .gnu.linkonce.armexidx.*)
                0x000012d8                __exidx_end = .

.rodata         0x000012d8      0x210
 *(.rodata .rodata.* .gnu.linkonce.r.*)
 .rodata.str1.4
                0x000012d8      0x103 .\CortexM3\ARM_GCC_541\Debug\main.o
 *fill*         0x000013db        0x1 
 .rodata.str1.4
                0x000013dc       0x67 .\CortexM3\ARM_GCC_541\Debug\DCControl.o
 *fill*         0x00001443        0x1 
 .rodata.str1.4
                0x00001444       0x1c .\CortexM3\ARM_GCC_541\Debug\interruptRoutine.o
                                 0x1a (size before relaxing)
 .rodata        0x00001460       0x4c .\CortexM3\ARM_GCC_541\Debug\cyfitter_cfg.o
 .rodata.str1.1
                0x000014ac        0x2 c:/program files (x86)/cypress/psoc creator/4.3/psoc creator/import/gnu/arm/5.4.1/bin/../lib/gcc/arm-none-eabi/5.4.1/../../../../arm-none-eabi/lib/armv7-m\libg_nano.a(lib_a-impure.o)
                0x000014b0                . = ALIGN (0x4)
 *fill*         0x000014ae        0x2 
 *(.init)
 .init          0x000014b0        0x4 c:/program files (x86)/cypress/psoc creator/4.3/psoc creator/import/gnu/arm/5.4.1/bin/../lib/gcc/arm-none-eabi/5.4.1/armv7-m/crti.o
                0x000014b0                _init
 .init          0x000014b4        0x8 c:/program files (x86)/cypress/psoc creator/4.3/psoc creator/import/gnu/arm/5.4.1/bin/../lib/gcc/arm-none-eabi/5.4.1/armv7-m/crtn.o
                0x000014bc                . = ALIGN (0x4)
                0x000014bc                __preinit_array_start = .
 *(.preinit_array)
                0x000014bc                __preinit_array_end = .
                0x000014bc                . = ALIGN (0x4)
                0x000014bc                __init_array_start = .
 *(SORT(.init_array.*))
 *(.init_array)
 .init_array    0x000014bc        0x4 c:/program files (x86)/cypress/psoc creator/4.3/psoc creator/import/gnu/arm/5.4.1/bin/../lib/gcc/arm-none-eabi/5.4.1/armv7-m/crtbegin.o
 .init_array    0x000014c0        0x4 .\CortexM3\ARM_GCC_541\Debug\Cm3Start.o
                0x000014c4                __init_array_end = .
                0x000014c4                . = ALIGN (0x4)
 *(.fini)
 .fini          0x000014c4        0x4 c:/program files (x86)/cypress/psoc creator/4.3/psoc creator/import/gnu/arm/5.4.1/bin/../lib/gcc/arm-none-eabi/5.4.1/armv7-m/crti.o
                0x000014c4                _fini
 .fini          0x000014c8        0x8 c:/program files (x86)/cypress/psoc creator/4.3/psoc creator/import/gnu/arm/5.4.1/bin/../lib/gcc/arm-none-eabi/5.4.1/armv7-m/crtn.o
                0x000014d0                . = ALIGN (0x4)
                0x000014d0                __fini_array_start = .
 *(.fini_array)
 .fini_array    0x000014d0        0x4 c:/program files (x86)/cypress/psoc creator/4.3/psoc creator/import/gnu/arm/5.4.1/bin/../lib/gcc/arm-none-eabi/5.4.1/armv7-m/crtbegin.o
 *(SORT(.fini_array.*))
                0x000014d4                __fini_array_end = .
                0x000014d4                . = ALIGN (0x4)
 *crtbegin.o(.ctors)
 *(EXCLUDE_FILE(*crtend.o) .ctors)
 *(SORT(.ctors.*))
 *crtend.o(.ctors)
                0x000014d4                . = ALIGN (0x4)
 *crtbegin.o(.dtors)
 *(EXCLUDE_FILE(*crtend.o) .dtors)
 *(SORT(.dtors.*))
 *crtend.o(.dtors)
                0x000014d4                . = ALIGN (0x4)
                0x000014d4                __cy_regions = .
                0x000014d4        0x4 LONG 0x14e8 __cy_region_init_ram
                0x000014d8        0x4 LONG 0x1fff80c8 __cy_region_start_data
                0x000014dc        0x4 LONG 0x80 __cy_region_init_size_ram
                0x000014e0        0x4 LONG 0x30 __cy_region_zero_size_ram
                0x000014e4                __cy_regions_end = .
                0x000014e8                . = ALIGN (0x8)
 *fill*         0x000014e4        0x4 
                0x000014e8                _etext = .

.cy_checksum_exclude
                0x000014e8        0x0
 *(.cy_checksum_exclude)

.ramvectors     0x1fff8000       0xc0
                0x1fff8000                __cy_region_start_ram = .
 *(.ramvectors)
 .ramvectors    0x1fff8000       0xc0 .\CortexM3\ARM_GCC_541\Debug\Cm3Start.o
                0x1fff8000                CyRamVectors

.noinit         0x1fff80c0        0x1
 *(.noinit)
 .noinit        0x1fff80c0        0x1 .\CortexM3\ARM_GCC_541\Debug\BilProjekt.a(CyLib.o)
                0x1fff80c0                CyResetStatus

.data           0x1fff80c8       0x80 load address 0x000014e8
                0x1fff80c8                __cy_region_start_data = .
 *(.jcr)
 .jcr           0x1fff80c8        0x0 c:/program files (x86)/cypress/psoc creator/4.3/psoc creator/import/gnu/arm/5.4.1/bin/../lib/gcc/arm-none-eabi/5.4.1/armv7-m/crtbegin.o
 .jcr           0x1fff80c8        0x4 c:/program files (x86)/cypress/psoc creator/4.3/psoc creator/import/gnu/arm/5.4.1/bin/../lib/gcc/arm-none-eabi/5.4.1/armv7-m/crtend.o
 *(.got.plt)
 *(.got)
 *(.shdata)
 *(.data .data.* .gnu.linkonce.d.*)
 .data          0x1fff80cc        0x1 .\CortexM3\ARM_GCC_541\Debug\DCControl.o
                0x1fff80cc                compare
 *fill*         0x1fff80cd        0x3 
 .data          0x1fff80d0       0x10 .\CortexM3\ARM_GCC_541\Debug\BilProjekt.a(CyLib.o)
                0x1fff80d0                cydelay_32k_ms
                0x1fff80d4                cydelay_freq_khz
                0x1fff80d8                cydelay_freq_mhz
                0x1fff80dc                cydelay_freq_hz
 .data.impure_data
                0x1fff80e0       0x60 c:/program files (x86)/cypress/psoc creator/4.3/psoc creator/import/gnu/arm/5.4.1/bin/../lib/gcc/arm-none-eabi/5.4.1/../../../../arm-none-eabi/lib/armv7-m\libg_nano.a(lib_a-impure.o)
 .data._impure_ptr
                0x1fff8140        0x4 c:/program files (x86)/cypress/psoc creator/4.3/psoc creator/import/gnu/arm/5.4.1/bin/../lib/gcc/arm-none-eabi/5.4.1/../../../../arm-none-eabi/lib/armv7-m\libg_nano.a(lib_a-impure.o)
                0x1fff8140                _impure_ptr
                0x1fff8148                . = ALIGN (0x8)
 *fill*         0x1fff8144        0x4 
 *(.ram)
                0x1fff8148                _edata = .

.igot.plt       0x1fff8148        0x0 load address 0x00001568
 .igot.plt      0x1fff8148        0x0 c:/program files (x86)/cypress/psoc creator/4.3/psoc creator/import/gnu/arm/5.4.1/bin/../lib/gcc/arm-none-eabi/5.4.1/armv7-m/crtbegin.o

.bss            0x1fff8148       0x30 load address 0x00001568
                0x1fff8148                PROVIDE (__bss_start__, .)
 *(.shbss)
 *(.bss .bss.* .gnu.linkonce.b.*)
 .bss           0x1fff8148       0x1c c:/program files (x86)/cypress/psoc creator/4.3/psoc creator/import/gnu/arm/5.4.1/bin/../lib/gcc/arm-none-eabi/5.4.1/armv7-m/crtbegin.o
 .bss           0x1fff8164        0xa .\CortexM3\ARM_GCC_541\Debug\main.o
                0x1fff8164                distance
                0x1fff8168                initialDist
                0x1fff816c                driving
                0x1fff816d                enoughSpace
 .bss           0x1fff816e        0x2 .\CortexM3\ARM_GCC_541\Debug\BilProjekt.a(UART_1.o)
                0x1fff816e                UART_1_initVar
 .bss           0x1fff8170        0x1 .\CortexM3\ARM_GCC_541\Debug\BilProjekt.a(PWM_DC.o)
                0x1fff8170                PWM_DC_initVar
 .bss           0x1fff8171        0x1 .\CortexM3\ARM_GCC_541\Debug\BilProjekt.a(PWM_Servo.o)
                0x1fff8171                PWM_Servo_initVar
 *(COMMON)
                0x1fff8178                . = ALIGN (0x8)
 *fill*         0x1fff8172        0x6 
 *(.ram.b)
                0x1fff8178                _end = .
                0x1fff8178                __end = .
                0x1fff8178                PROVIDE (end, .)
                0x1fff8178                PROVIDE (__bss_end__, .)
                0x000014e8                __cy_region_init_ram = LOADADDR (.data)
                0x00000080                __cy_region_init_size_ram = (_edata - ADDR (.data))
                0x00000030                __cy_region_zero_size_ram = (_end - _edata)

.heap           0x1fff8178       0x80 load address 0x00001568
                0x1fff8178                . = _end
                0x1fff81f8                . = (. + 0x80)
 *fill*         0x1fff8178       0x80 
                0x1fff81f8                __cy_heap_limit = .

.stack          0x20007800      0x800
                0x20007800                __cy_stack_limit = .
                0x20008000                . = (. + 0x800)
 *fill*         0x20007800      0x800 
                0x00000001                ASSERT ((__cy_stack_limit >= __cy_heap_limit), region RAM overflowed with stack)
                0x00000000                cy_checksum_exclude_size = (CY_APPL_LOADABLE == 0x1)?SIZEOF (.cy_checksum_exclude):0x0
                0x00000001                ASSERT ((cy_checksum_exclude_size <= CY_CHECKSUM_EXCLUDE_SIZE), CY_BOOT: Section .cy_checksum_exclude size exceedes specified limit.)

.cyloadermeta
 *(.cyloadermeta)

.cyloadablemeta
 *(.cyloadablemeta)

.cyconfigecc    0x80000000      0x5a0
 *(.cyconfigecc)
 .cyconfigecc   0x80000000      0x5a0 .\CortexM3\ARM_GCC_541\Debug\cymetadata.o
                0x80000000                cy_meta_configecc

.cycustnvl      0x90000000        0x4
 *(.cycustnvl)
 .cycustnvl     0x90000000        0x4 .\CortexM3\ARM_GCC_541\Debug\cymetadata.o
                0x90000000                cy_meta_custnvl

.cywolatch      0x90100000        0x4
 *(.cywolatch)
 .cywolatch     0x90100000        0x4 .\CortexM3\ARM_GCC_541\Debug\cymetadata.o
                0x90100000                cy_meta_wonvl

.cyeeprom       0x90200000        0x0
 *(.cyeeprom)
                0x00000001                ASSERT ((. <= ((0x90200000 + ee_offset) + ee_size)), .cyeeprom data will not fit in EEPROM)

.cyflashprotect
                0x90400000      0x100
 *(.cyflashprotect)
 .cyflashprotect
                0x90400000      0x100 .\CortexM3\ARM_GCC_541\Debug\cymetadata.o
                0x90400000                cy_meta_flashprotect

.cymeta         0x90500000        0xc
 *(.cymeta)
 .cymeta        0x90500000        0xc .\CortexM3\ARM_GCC_541\Debug\cymetadata.o
                0x90500000                cy_metadata

.rel.dyn        0x00001568        0x0 load address 0x9050000c
 .rel.iplt      0x00001568        0x0 c:/program files (x86)/cypress/psoc creator/4.3/psoc creator/import/gnu/arm/5.4.1/bin/../lib/gcc/arm-none-eabi/5.4.1/armv7-m/crtbegin.o

.stab
 *(.stab)

.stabstr
 *(.stabstr)

.debug
 *(.debug)

.line
 *(.line)

.debug_srcinfo
 *(.debug_srcinfo)

.debug_sfnames
 *(.debug_sfnames)

.debug_aranges  0x00000000      0xac8
 *(.debug_aranges)
 .debug_aranges
                0x00000000       0x20 .\CortexM3\ARM_GCC_541\Debug\main.o
 .debug_aranges
                0x00000020       0x20 .\CortexM3\ARM_GCC_541\Debug\distSensor.o
 .debug_aranges
                0x00000040       0x40 .\CortexM3\ARM_GCC_541\Debug\DCControl.o
 .debug_aranges
                0x00000080       0x30 .\CortexM3\ARM_GCC_541\Debug\servoControl.o
 .debug_aranges
                0x000000b0       0x20 .\CortexM3\ARM_GCC_541\Debug\interruptRoutine.o
 .debug_aranges
                0x000000d0       0x58 .\CortexM3\ARM_GCC_541\Debug\cyfitter_cfg.o
 .debug_aranges
                0x00000128       0x18 .\CortexM3\ARM_GCC_541\Debug\cymetadata.o
 .debug_aranges
                0x00000140       0x48 .\CortexM3\ARM_GCC_541\Debug\Cm3Start.o
 .debug_aranges
                0x00000188      0x2a0 .\CortexM3\ARM_GCC_541\Debug\BilProjekt.a(CyLib.o)
 .debug_aranges
                0x00000428       0x98 .\CortexM3\ARM_GCC_541\Debug\BilProjekt.a(cyPm.o)
 .debug_aranges
                0x000004c0       0xf0 .\CortexM3\ARM_GCC_541\Debug\BilProjekt.a(UART_1.o)
 .debug_aranges
                0x000005b0       0x38 .\CortexM3\ARM_GCC_541\Debug\BilProjekt.a(Pin_1_7.o)
 .debug_aranges
                0x000005e8       0x38 .\CortexM3\ARM_GCC_541\Debug\BilProjekt.a(Pin_1_6.o)
 .debug_aranges
                0x00000620       0x70 .\CortexM3\ARM_GCC_541\Debug\BilProjekt.a(UART_1_IntClock.o)
 .debug_aranges
                0x00000690       0x38 .\CortexM3\ARM_GCC_541\Debug\BilProjekt.a(Pin_RPi.o)
 .debug_aranges
                0x000006c8       0x38 .\CortexM3\ARM_GCC_541\Debug\BilProjekt.a(Pin_SensorRight_Trig.o)
 .debug_aranges
                0x00000700       0x38 .\CortexM3\ARM_GCC_541\Debug\BilProjekt.a(Pin_SensorRight_Echo.o)
 .debug_aranges
                0x00000738       0x98 .\CortexM3\ARM_GCC_541\Debug\BilProjekt.a(PWM_DC.o)
 .debug_aranges
                0x000007d0       0x98 .\CortexM3\ARM_GCC_541\Debug\BilProjekt.a(PWM_Servo.o)
 .debug_aranges
                0x00000868       0x38 .\CortexM3\ARM_GCC_541\Debug\BilProjekt.a(Pin_SensorFront_Trig.o)
 .debug_aranges
                0x000008a0       0x38 .\CortexM3\ARM_GCC_541\Debug\BilProjekt.a(Pin_SensorFront_Echo.o)
 .debug_aranges
                0x000008d8       0x48 .\CortexM3\ARM_GCC_541\Debug\BilProjekt.a(Pin_interrupt.o)
 .debug_aranges
                0x00000920       0x80 .\CortexM3\ARM_GCC_541\Debug\BilProjekt.a(isr_RPi.o)
 .debug_aranges
                0x000009a0       0x20 .\CortexM3\ARM_GCC_541\Debug\BilProjekt.a(CyBootAsmGnu.o)
 .debug_aranges
                0x000009c0       0x88 .\CortexM3\ARM_GCC_541\Debug\BilProjekt.a(CyFlash.o)
 .debug_aranges
                0x00000a48       0x80 .\CortexM3\ARM_GCC_541\Debug\BilProjekt.a(CySpc.o)

.debug_pubnames
 *(.debug_pubnames)

.debug_info     0x00000000     0x5b51
 *(.debug_info .gnu.linkonce.wi.*)
 .debug_info    0x00000000      0x40e .\CortexM3\ARM_GCC_541\Debug\main.o
 .debug_info    0x0000040e      0x261 .\CortexM3\ARM_GCC_541\Debug\distSensor.o
 .debug_info    0x0000066f      0x274 .\CortexM3\ARM_GCC_541\Debug\DCControl.o
 .debug_info    0x000008e3      0x136 .\CortexM3\ARM_GCC_541\Debug\servoControl.o
 .debug_info    0x00000a19      0x182 .\CortexM3\ARM_GCC_541\Debug\interruptRoutine.o
 .debug_info    0x00000b9b      0x5cd .\CortexM3\ARM_GCC_541\Debug\cyfitter_cfg.o
 .debug_info    0x00001168      0x136 .\CortexM3\ARM_GCC_541\Debug\cymetadata.o
 .debug_info    0x0000129e      0x3bb .\CortexM3\ARM_GCC_541\Debug\Cm3Start.o
 .debug_info    0x00001659     0x1374 .\CortexM3\ARM_GCC_541\Debug\BilProjekt.a(CyLib.o)
 .debug_info    0x000029cd      0xa2a .\CortexM3\ARM_GCC_541\Debug\BilProjekt.a(cyPm.o)
 .debug_info    0x000033f7      0x60c .\CortexM3\ARM_GCC_541\Debug\BilProjekt.a(UART_1.o)
 .debug_info    0x00003a03      0x11f .\CortexM3\ARM_GCC_541\Debug\BilProjekt.a(Pin_1_7.o)
 .debug_info    0x00003b22      0x11f .\CortexM3\ARM_GCC_541\Debug\BilProjekt.a(Pin_1_6.o)
 .debug_info    0x00003c41      0x283 .\CortexM3\ARM_GCC_541\Debug\BilProjekt.a(UART_1_IntClock.o)
 .debug_info    0x00003ec4      0x11f .\CortexM3\ARM_GCC_541\Debug\BilProjekt.a(Pin_RPi.o)
 .debug_info    0x00003fe3      0x11f .\CortexM3\ARM_GCC_541\Debug\BilProjekt.a(Pin_SensorRight_Trig.o)
 .debug_info    0x00004102      0x11f .\CortexM3\ARM_GCC_541\Debug\BilProjekt.a(Pin_SensorRight_Echo.o)
 .debug_info    0x00004221      0x334 .\CortexM3\ARM_GCC_541\Debug\BilProjekt.a(PWM_DC.o)
 .debug_info    0x00004555      0x354 .\CortexM3\ARM_GCC_541\Debug\BilProjekt.a(PWM_Servo.o)
 .debug_info    0x000048a9      0x11f .\CortexM3\ARM_GCC_541\Debug\BilProjekt.a(Pin_SensorFront_Trig.o)
 .debug_info    0x000049c8      0x11f .\CortexM3\ARM_GCC_541\Debug\BilProjekt.a(Pin_SensorFront_Echo.o)
 .debug_info    0x00004ae7      0x174 .\CortexM3\ARM_GCC_541\Debug\BilProjekt.a(Pin_interrupt.o)
 .debug_info    0x00004c5b      0x2d2 .\CortexM3\ARM_GCC_541\Debug\BilProjekt.a(isr_RPi.o)
 .debug_info    0x00004f2d       0x87 .\CortexM3\ARM_GCC_541\Debug\BilProjekt.a(CyBootAsmGnu.o)
 .debug_info    0x00004fb4      0x64d .\CortexM3\ARM_GCC_541\Debug\BilProjekt.a(CyFlash.o)
 .debug_info    0x00005601      0x550 .\CortexM3\ARM_GCC_541\Debug\BilProjekt.a(CySpc.o)

.debug_abbrev   0x00000000     0x1a87
 *(.debug_abbrev)
 .debug_abbrev  0x00000000       0xd9 .\CortexM3\ARM_GCC_541\Debug\main.o
 .debug_abbrev  0x000000d9       0xd0 .\CortexM3\ARM_GCC_541\Debug\distSensor.o
 .debug_abbrev  0x000001a9       0xba .\CortexM3\ARM_GCC_541\Debug\DCControl.o
 .debug_abbrev  0x00000263       0x8f .\CortexM3\ARM_GCC_541\Debug\servoControl.o
 .debug_abbrev  0x000002f2       0xd4 .\CortexM3\ARM_GCC_541\Debug\interruptRoutine.o
 .debug_abbrev  0x000003c6      0x20d .\CortexM3\ARM_GCC_541\Debug\cyfitter_cfg.o
 .debug_abbrev  0x000005d3       0x77 .\CortexM3\ARM_GCC_541\Debug\cymetadata.o
 .debug_abbrev  0x0000064a      0x1e8 .\CortexM3\ARM_GCC_541\Debug\Cm3Start.o
 .debug_abbrev  0x00000832      0x254 .\CortexM3\ARM_GCC_541\Debug\BilProjekt.a(CyLib.o)
 .debug_abbrev  0x00000a86      0x1ab .\CortexM3\ARM_GCC_541\Debug\BilProjekt.a(cyPm.o)
 .debug_abbrev  0x00000c31      0x175 .\CortexM3\ARM_GCC_541\Debug\BilProjekt.a(UART_1.o)
 .debug_abbrev  0x00000da6       0x90 .\CortexM3\ARM_GCC_541\Debug\BilProjekt.a(Pin_1_7.o)
 .debug_abbrev  0x00000e36       0x90 .\CortexM3\ARM_GCC_541\Debug\BilProjekt.a(Pin_1_6.o)
 .debug_abbrev  0x00000ec6      0x139 .\CortexM3\ARM_GCC_541\Debug\BilProjekt.a(UART_1_IntClock.o)
 .debug_abbrev  0x00000fff       0x90 .\CortexM3\ARM_GCC_541\Debug\BilProjekt.a(Pin_RPi.o)
 .debug_abbrev  0x0000108f       0x90 .\CortexM3\ARM_GCC_541\Debug\BilProjekt.a(Pin_SensorRight_Trig.o)
 .debug_abbrev  0x0000111f       0x90 .\CortexM3\ARM_GCC_541\Debug\BilProjekt.a(Pin_SensorRight_Echo.o)
 .debug_abbrev  0x000011af      0x133 .\CortexM3\ARM_GCC_541\Debug\BilProjekt.a(PWM_DC.o)
 .debug_abbrev  0x000012e2      0x133 .\CortexM3\ARM_GCC_541\Debug\BilProjekt.a(PWM_Servo.o)
 .debug_abbrev  0x00001415       0x90 .\CortexM3\ARM_GCC_541\Debug\BilProjekt.a(Pin_SensorFront_Trig.o)
 .debug_abbrev  0x000014a5       0x90 .\CortexM3\ARM_GCC_541\Debug\BilProjekt.a(Pin_SensorFront_Echo.o)
 .debug_abbrev  0x00001535       0x90 .\CortexM3\ARM_GCC_541\Debug\BilProjekt.a(Pin_interrupt.o)
 .debug_abbrev  0x000015c5      0x173 .\CortexM3\ARM_GCC_541\Debug\BilProjekt.a(isr_RPi.o)
 .debug_abbrev  0x00001738       0x14 .\CortexM3\ARM_GCC_541\Debug\BilProjekt.a(CyBootAsmGnu.o)
 .debug_abbrev  0x0000174c      0x1a7 .\CortexM3\ARM_GCC_541\Debug\BilProjekt.a(CyFlash.o)
 .debug_abbrev  0x000018f3      0x194 .\CortexM3\ARM_GCC_541\Debug\BilProjekt.a(CySpc.o)

.debug_line     0x00000000     0x2c7b
 *(.debug_line)
 .debug_line    0x00000000      0x20d .\CortexM3\ARM_GCC_541\Debug\main.o
 .debug_line    0x0000020d      0x1fc .\CortexM3\ARM_GCC_541\Debug\distSensor.o
 .debug_line    0x00000409      0x1de .\CortexM3\ARM_GCC_541\Debug\DCControl.o
 .debug_line    0x000005e7      0x190 .\CortexM3\ARM_GCC_541\Debug\servoControl.o
 .debug_line    0x00000777      0x1b8 .\CortexM3\ARM_GCC_541\Debug\interruptRoutine.o
 .debug_line    0x0000092f      0x1f8 .\CortexM3\ARM_GCC_541\Debug\cyfitter_cfg.o
 .debug_line    0x00000b27      0x141 .\CortexM3\ARM_GCC_541\Debug\cymetadata.o
 .debug_line    0x00000c68      0x234 .\CortexM3\ARM_GCC_541\Debug\Cm3Start.o
 .debug_line    0x00000e9c      0x816 .\CortexM3\ARM_GCC_541\Debug\BilProjekt.a(CyLib.o)
 .debug_line    0x000016b2      0x367 .\CortexM3\ARM_GCC_541\Debug\BilProjekt.a(cyPm.o)
 .debug_line    0x00001a19      0x2c0 .\CortexM3\ARM_GCC_541\Debug\BilProjekt.a(UART_1.o)
 .debug_line    0x00001cd9       0x94 .\CortexM3\ARM_GCC_541\Debug\BilProjekt.a(Pin_1_7.o)
 .debug_line    0x00001d6d       0x94 .\CortexM3\ARM_GCC_541\Debug\BilProjekt.a(Pin_1_6.o)
 .debug_line    0x00001e01      0x17e .\CortexM3\ARM_GCC_541\Debug\BilProjekt.a(UART_1_IntClock.o)
 .debug_line    0x00001f7f       0x94 .\CortexM3\ARM_GCC_541\Debug\BilProjekt.a(Pin_RPi.o)
 .debug_line    0x00002013       0xa1 .\CortexM3\ARM_GCC_541\Debug\BilProjekt.a(Pin_SensorRight_Trig.o)
 .debug_line    0x000020b4       0xa1 .\CortexM3\ARM_GCC_541\Debug\BilProjekt.a(Pin_SensorRight_Echo.o)
 .debug_line    0x00002155      0x186 .\CortexM3\ARM_GCC_541\Debug\BilProjekt.a(PWM_DC.o)
 .debug_line    0x000022db      0x18c .\CortexM3\ARM_GCC_541\Debug\BilProjekt.a(PWM_Servo.o)
 .debug_line    0x00002467       0xa1 .\CortexM3\ARM_GCC_541\Debug\BilProjekt.a(Pin_SensorFront_Trig.o)
 .debug_line    0x00002508       0xa1 .\CortexM3\ARM_GCC_541\Debug\BilProjekt.a(Pin_SensorFront_Echo.o)
 .debug_line    0x000025a9       0xbe .\CortexM3\ARM_GCC_541\Debug\BilProjekt.a(Pin_interrupt.o)
 .debug_line    0x00002667      0x134 .\CortexM3\ARM_GCC_541\Debug\BilProjekt.a(isr_RPi.o)
 .debug_line    0x0000279b       0x66 .\CortexM3\ARM_GCC_541\Debug\BilProjekt.a(CyBootAsmGnu.o)
 .debug_line    0x00002801      0x21a .\CortexM3\ARM_GCC_541\Debug\BilProjekt.a(CyFlash.o)
 .debug_line    0x00002a1b      0x260 .\CortexM3\ARM_GCC_541\Debug\BilProjekt.a(CySpc.o)

.debug_frame    0x00000000     0x195c
 *(.debug_frame)
 .debug_frame   0x00000000       0x2c .\CortexM3\ARM_GCC_541\Debug\main.o
 .debug_frame   0x0000002c       0x2c .\CortexM3\ARM_GCC_541\Debug\distSensor.o
 .debug_frame   0x00000058       0x9c .\CortexM3\ARM_GCC_541\Debug\DCControl.o
 .debug_frame   0x000000f4       0x64 .\CortexM3\ARM_GCC_541\Debug\servoControl.o
 .debug_frame   0x00000158       0x2c .\CortexM3\ARM_GCC_541\Debug\interruptRoutine.o
 .debug_frame   0x00000184       0xe4 .\CortexM3\ARM_GCC_541\Debug\cyfitter_cfg.o
 .debug_frame   0x00000268       0xb8 .\CortexM3\ARM_GCC_541\Debug\Cm3Start.o
 .debug_frame   0x00000320      0x738 .\CortexM3\ARM_GCC_541\Debug\BilProjekt.a(CyLib.o)
 .debug_frame   0x00000a58      0x1f8 .\CortexM3\ARM_GCC_541\Debug\BilProjekt.a(cyPm.o)
 .debug_frame   0x00000c50      0x250 .\CortexM3\ARM_GCC_541\Debug\BilProjekt.a(UART_1.o)
 .debug_frame   0x00000ea0       0x50 .\CortexM3\ARM_GCC_541\Debug\BilProjekt.a(Pin_1_7.o)
 .debug_frame   0x00000ef0       0x50 .\CortexM3\ARM_GCC_541\Debug\BilProjekt.a(Pin_1_6.o)
 .debug_frame   0x00000f40       0xe0 .\CortexM3\ARM_GCC_541\Debug\BilProjekt.a(UART_1_IntClock.o)
 .debug_frame   0x00001020       0x50 .\CortexM3\ARM_GCC_541\Debug\BilProjekt.a(Pin_RPi.o)
 .debug_frame   0x00001070       0x50 .\CortexM3\ARM_GCC_541\Debug\BilProjekt.a(Pin_SensorRight_Trig.o)
 .debug_frame   0x000010c0       0x50 .\CortexM3\ARM_GCC_541\Debug\BilProjekt.a(Pin_SensorRight_Echo.o)
 .debug_frame   0x00001110      0x134 .\CortexM3\ARM_GCC_541\Debug\BilProjekt.a(PWM_DC.o)
 .debug_frame   0x00001244      0x134 .\CortexM3\ARM_GCC_541\Debug\BilProjekt.a(PWM_Servo.o)
 .debug_frame   0x00001378       0x50 .\CortexM3\ARM_GCC_541\Debug\BilProjekt.a(Pin_SensorFront_Trig.o)
 .debug_frame   0x000013c8       0x50 .\CortexM3\ARM_GCC_541\Debug\BilProjekt.a(Pin_SensorFront_Echo.o)
 .debug_frame   0x00001418       0x70 .\CortexM3\ARM_GCC_541\Debug\BilProjekt.a(Pin_interrupt.o)
 .debug_frame   0x00001488      0x104 .\CortexM3\ARM_GCC_541\Debug\BilProjekt.a(isr_RPi.o)
 .debug_frame   0x0000158c      0x194 .\CortexM3\ARM_GCC_541\Debug\BilProjekt.a(CyFlash.o)
 .debug_frame   0x00001720      0x180 .\CortexM3\ARM_GCC_541\Debug\BilProjekt.a(CySpc.o)
 .debug_frame   0x000018a0       0x20 c:/program files (x86)/cypress/psoc creator/4.3/psoc creator/import/gnu/arm/5.4.1/bin/../lib/gcc/arm-none-eabi/5.4.1/../../../../arm-none-eabi/lib/armv7-m\libg_nano.a(lib_a-errno.o)
 .debug_frame   0x000018c0       0x28 c:/program files (x86)/cypress/psoc creator/4.3/psoc creator/import/gnu/arm/5.4.1/bin/../lib/gcc/arm-none-eabi/5.4.1/../../../../arm-none-eabi/lib/armv7-m\libg_nano.a(lib_a-exit.o)
 .debug_frame   0x000018e8       0x2c c:/program files (x86)/cypress/psoc creator/4.3/psoc creator/import/gnu/arm/5.4.1/bin/../lib/gcc/arm-none-eabi/5.4.1/../../../../arm-none-eabi/lib/armv7-m\libg_nano.a(lib_a-init.o)
 .debug_frame   0x00001914       0x28 c:/program files (x86)/cypress/psoc creator/4.3/psoc creator/import/gnu/arm/5.4.1/bin/../lib/gcc/arm-none-eabi/5.4.1/../../../../arm-none-eabi/lib/armv7-m\libg_nano.a(lib_a-memcpy-stub.o)
 .debug_frame   0x0000193c       0x20 c:/program files (x86)/cypress/psoc creator/4.3/psoc creator/import/gnu/arm/5.4.1/bin/../lib/gcc/arm-none-eabi/5.4.1/../../../../arm-none-eabi/lib/armv7-m\libg_nano.a(lib_a-memset.o)

.debug_str      0x00000000     0x2162
 *(.debug_str)
 .debug_str     0x00000000      0x25b .\CortexM3\ARM_GCC_541\Debug\main.o
                                0x2a3 (size before relaxing)
 .debug_str     0x0000025b       0x7f .\CortexM3\ARM_GCC_541\Debug\distSensor.o
                                0x226 (size before relaxing)
 .debug_str     0x000002da       0x6a .\CortexM3\ARM_GCC_541\Debug\DCControl.o
                                0x23d (size before relaxing)
 .debug_str     0x00000344       0x26 .\CortexM3\ARM_GCC_541\Debug\servoControl.o
                                0x1e0 (size before relaxing)
 .debug_str     0x0000036a       0x4e .\CortexM3\ARM_GCC_541\Debug\interruptRoutine.o
                                0x220 (size before relaxing)
 .debug_str     0x000003b8      0x1b6 .\CortexM3\ARM_GCC_541\Debug\cyfitter_cfg.o
                                0x33b (size before relaxing)
 .debug_str     0x0000056e       0x75 .\CortexM3\ARM_GCC_541\Debug\cymetadata.o
                                0x1db (size before relaxing)
 .debug_str     0x000005e3      0x144 .\CortexM3\ARM_GCC_541\Debug\Cm3Start.o
                                0x301 (size before relaxing)
 .debug_str     0x00000727      0x833 .\CortexM3\ARM_GCC_541\Debug\BilProjekt.a(CyLib.o)
                                0xa3e (size before relaxing)
 .debug_str     0x00000f5a      0x365 .\CortexM3\ARM_GCC_541\Debug\BilProjekt.a(cyPm.o)
                                0x72a (size before relaxing)
 .debug_str     0x000012bf      0x2c7 .\CortexM3\ARM_GCC_541\Debug\BilProjekt.a(UART_1.o)
                                0x4aa (size before relaxing)
 .debug_str     0x00001586       0x62 .\CortexM3\ARM_GCC_541\Debug\BilProjekt.a(Pin_1_7.o)
                                0x1e3 (size before relaxing)
 .debug_str     0x000015e8       0x57 .\CortexM3\ARM_GCC_541\Debug\BilProjekt.a(Pin_1_6.o)
                                0x1e3 (size before relaxing)
 .debug_str     0x0000163f      0x197 .\CortexM3\ARM_GCC_541\Debug\BilProjekt.a(UART_1_IntClock.o)
                                0x345 (size before relaxing)
 .debug_str     0x000017d6       0x58 .\CortexM3\ARM_GCC_541\Debug\BilProjekt.a(Pin_RPi.o)
                                0x1e3 (size before relaxing)
 .debug_str     0x0000182e       0x8b .\CortexM3\ARM_GCC_541\Debug\BilProjekt.a(Pin_SensorRight_Trig.o)
                                0x224 (size before relaxing)
 .debug_str     0x000018b9       0x8c .\CortexM3\ARM_GCC_541\Debug\BilProjekt.a(Pin_SensorRight_Echo.o)
                                0x224 (size before relaxing)
 .debug_str     0x00001945      0x178 .\CortexM3\ARM_GCC_541\Debug\BilProjekt.a(PWM_DC.o)
                                0x35b (size before relaxing)
 .debug_str     0x00001abd      0x18a .\CortexM3\ARM_GCC_541\Debug\BilProjekt.a(PWM_Servo.o)
                                0x3a1 (size before relaxing)
 .debug_str     0x00001c47       0x8b .\CortexM3\ARM_GCC_541\Debug\BilProjekt.a(Pin_SensorFront_Trig.o)
                                0x224 (size before relaxing)
 .debug_str     0x00001cd2       0x8c .\CortexM3\ARM_GCC_541\Debug\BilProjekt.a(Pin_SensorFront_Echo.o)
                                0x224 (size before relaxing)
 .debug_str     0x00001d5e       0xab .\CortexM3\ARM_GCC_541\Debug\BilProjekt.a(Pin_interrupt.o)
                                0x24d (size before relaxing)
 .debug_str     0x00001e09       0xf2 .\CortexM3\ARM_GCC_541\Debug\BilProjekt.a(isr_RPi.o)
                                0x2b9 (size before relaxing)
 .debug_str     0x00001efb      0x1bb .\CortexM3\ARM_GCC_541\Debug\BilProjekt.a(CyFlash.o)
                                0x3b7 (size before relaxing)
 .debug_str     0x000020b6       0xac .\CortexM3\ARM_GCC_541\Debug\BilProjekt.a(CySpc.o)
                                0x32f (size before relaxing)

.debug_loc      0x00000000     0x21bf
 *(.debug_loc)
 .debug_loc     0x00000000       0x18 .\CortexM3\ARM_GCC_541\Debug\main.o
 .debug_loc     0x00000018       0xa7 .\CortexM3\ARM_GCC_541\Debug\distSensor.o
 .debug_loc     0x000000bf       0x13 .\CortexM3\ARM_GCC_541\Debug\interruptRoutine.o
 .debug_loc     0x000000d2      0x289 .\CortexM3\ARM_GCC_541\Debug\cyfitter_cfg.o
 .debug_loc     0x0000035b      0x144 .\CortexM3\ARM_GCC_541\Debug\Cm3Start.o
 .debug_loc     0x0000049f      0xa11 .\CortexM3\ARM_GCC_541\Debug\BilProjekt.a(CyLib.o)
 .debug_loc     0x00000eb0      0x1e4 .\CortexM3\ARM_GCC_541\Debug\BilProjekt.a(cyPm.o)
 .debug_loc     0x00001094      0x258 .\CortexM3\ARM_GCC_541\Debug\BilProjekt.a(UART_1.o)
 .debug_loc     0x000012ec       0x42 .\CortexM3\ARM_GCC_541\Debug\BilProjekt.a(Pin_1_7.o)
 .debug_loc     0x0000132e       0x42 .\CortexM3\ARM_GCC_541\Debug\BilProjekt.a(Pin_1_6.o)
 .debug_loc     0x00001370      0x128 .\CortexM3\ARM_GCC_541\Debug\BilProjekt.a(UART_1_IntClock.o)
 .debug_loc     0x00001498       0x42 .\CortexM3\ARM_GCC_541\Debug\BilProjekt.a(Pin_RPi.o)
 .debug_loc     0x000014da       0x42 .\CortexM3\ARM_GCC_541\Debug\BilProjekt.a(Pin_SensorRight_Trig.o)
 .debug_loc     0x0000151c       0x42 .\CortexM3\ARM_GCC_541\Debug\BilProjekt.a(Pin_SensorRight_Echo.o)
 .debug_loc     0x0000155e       0x26 .\CortexM3\ARM_GCC_541\Debug\BilProjekt.a(PWM_DC.o)
 .debug_loc     0x00001584       0x26 .\CortexM3\ARM_GCC_541\Debug\BilProjekt.a(PWM_Servo.o)
 .debug_loc     0x000015aa       0x42 .\CortexM3\ARM_GCC_541\Debug\BilProjekt.a(Pin_SensorFront_Trig.o)
 .debug_loc     0x000015ec       0x42 .\CortexM3\ARM_GCC_541\Debug\BilProjekt.a(Pin_SensorFront_Echo.o)
 .debug_loc     0x0000162e       0x84 .\CortexM3\ARM_GCC_541\Debug\BilProjekt.a(Pin_interrupt.o)
 .debug_loc     0x000016b2       0x56 .\CortexM3\ARM_GCC_541\Debug\BilProjekt.a(isr_RPi.o)
 .debug_loc     0x00001708      0x3b2 .\CortexM3\ARM_GCC_541\Debug\BilProjekt.a(CyFlash.o)
 .debug_loc     0x00001aba      0x705 .\CortexM3\ARM_GCC_541\Debug\BilProjekt.a(CySpc.o)

.debug_macinfo
 *(.debug_macinfo)

.debug_ranges   0x00000000      0x928
 *(.debug_ranges)
 .debug_ranges  0x00000000       0x10 .\CortexM3\ARM_GCC_541\Debug\main.o
 .debug_ranges  0x00000010       0x28 .\CortexM3\ARM_GCC_541\Debug\distSensor.o
 .debug_ranges  0x00000038       0x30 .\CortexM3\ARM_GCC_541\Debug\DCControl.o
 .debug_ranges  0x00000068       0x20 .\CortexM3\ARM_GCC_541\Debug\servoControl.o
 .debug_ranges  0x00000088       0x10 .\CortexM3\ARM_GCC_541\Debug\interruptRoutine.o
 .debug_ranges  0x00000098       0x48 .\CortexM3\ARM_GCC_541\Debug\cyfitter_cfg.o
 .debug_ranges  0x000000e0       0x38 .\CortexM3\ARM_GCC_541\Debug\Cm3Start.o
 .debug_ranges  0x00000118      0x290 .\CortexM3\ARM_GCC_541\Debug\BilProjekt.a(CyLib.o)
 .debug_ranges  0x000003a8       0x88 .\CortexM3\ARM_GCC_541\Debug\BilProjekt.a(cyPm.o)
 .debug_ranges  0x00000430       0xe0 .\CortexM3\ARM_GCC_541\Debug\BilProjekt.a(UART_1.o)
 .debug_ranges  0x00000510       0x28 .\CortexM3\ARM_GCC_541\Debug\BilProjekt.a(Pin_1_7.o)
 .debug_ranges  0x00000538       0x28 .\CortexM3\ARM_GCC_541\Debug\BilProjekt.a(Pin_1_6.o)
 .debug_ranges  0x00000560       0x60 .\CortexM3\ARM_GCC_541\Debug\BilProjekt.a(UART_1_IntClock.o)
 .debug_ranges  0x000005c0       0x28 .\CortexM3\ARM_GCC_541\Debug\BilProjekt.a(Pin_RPi.o)
 .debug_ranges  0x000005e8       0x28 .\CortexM3\ARM_GCC_541\Debug\BilProjekt.a(Pin_SensorRight_Trig.o)
 .debug_ranges  0x00000610       0x28 .\CortexM3\ARM_GCC_541\Debug\BilProjekt.a(Pin_SensorRight_Echo.o)
 .debug_ranges  0x00000638       0x88 .\CortexM3\ARM_GCC_541\Debug\BilProjekt.a(PWM_DC.o)
 .debug_ranges  0x000006c0       0x88 .\CortexM3\ARM_GCC_541\Debug\BilProjekt.a(PWM_Servo.o)
 .debug_ranges  0x00000748       0x28 .\CortexM3\ARM_GCC_541\Debug\BilProjekt.a(Pin_SensorFront_Trig.o)
 .debug_ranges  0x00000770       0x28 .\CortexM3\ARM_GCC_541\Debug\BilProjekt.a(Pin_SensorFront_Echo.o)
 .debug_ranges  0x00000798       0x38 .\CortexM3\ARM_GCC_541\Debug\BilProjekt.a(Pin_interrupt.o)
 .debug_ranges  0x000007d0       0x70 .\CortexM3\ARM_GCC_541\Debug\BilProjekt.a(isr_RPi.o)
 .debug_ranges  0x00000840       0x78 .\CortexM3\ARM_GCC_541\Debug\BilProjekt.a(CyFlash.o)
 .debug_ranges  0x000008b8       0x70 .\CortexM3\ARM_GCC_541\Debug\BilProjekt.a(CySpc.o)

.comment        0x00000000       0x6e
 .comment       0x00000000       0x6e .\CortexM3\ARM_GCC_541\Debug\main.o
                                 0x6f (size before relaxing)
 .comment       0x0000006e       0x6f .\CortexM3\ARM_GCC_541\Debug\distSensor.o
 .comment       0x0000006e       0x6f .\CortexM3\ARM_GCC_541\Debug\DCControl.o
 .comment       0x0000006e       0x6f .\CortexM3\ARM_GCC_541\Debug\servoControl.o
 .comment       0x0000006e       0x6f .\CortexM3\ARM_GCC_541\Debug\interruptRoutine.o
 .comment       0x0000006e       0x6f .\CortexM3\ARM_GCC_541\Debug\cyfitter_cfg.o
 .comment       0x0000006e       0x6f .\CortexM3\ARM_GCC_541\Debug\cymetadata.o
 .comment       0x0000006e       0x6f .\CortexM3\ARM_GCC_541\Debug\Cm3Start.o
 .comment       0x0000006e       0x6f .\CortexM3\ARM_GCC_541\Debug\BilProjekt.a(CyLib.o)
 .comment       0x0000006e       0x6f .\CortexM3\ARM_GCC_541\Debug\BilProjekt.a(cyPm.o)
 .comment       0x0000006e       0x6f .\CortexM3\ARM_GCC_541\Debug\BilProjekt.a(UART_1.o)
 .comment       0x0000006e       0x6f .\CortexM3\ARM_GCC_541\Debug\BilProjekt.a(Pin_1_7.o)
 .comment       0x0000006e       0x6f .\CortexM3\ARM_GCC_541\Debug\BilProjekt.a(Pin_1_6.o)
 .comment       0x0000006e       0x6f .\CortexM3\ARM_GCC_541\Debug\BilProjekt.a(UART_1_IntClock.o)
 .comment       0x0000006e       0x6f .\CortexM3\ARM_GCC_541\Debug\BilProjekt.a(Pin_RPi.o)
 .comment       0x0000006e       0x6f .\CortexM3\ARM_GCC_541\Debug\BilProjekt.a(Pin_SensorRight_Trig.o)
 .comment       0x0000006e       0x6f .\CortexM3\ARM_GCC_541\Debug\BilProjekt.a(Pin_SensorRight_Echo.o)
 .comment       0x0000006e       0x6f .\CortexM3\ARM_GCC_541\Debug\BilProjekt.a(PWM_DC.o)
 .comment       0x0000006e       0x6f .\CortexM3\ARM_GCC_541\Debug\BilProjekt.a(PWM_Servo.o)
 .comment       0x0000006e       0x6f .\CortexM3\ARM_GCC_541\Debug\BilProjekt.a(Pin_SensorFront_Trig.o)
 .comment       0x0000006e       0x6f .\CortexM3\ARM_GCC_541\Debug\BilProjekt.a(Pin_SensorFront_Echo.o)
 .comment       0x0000006e       0x6f .\CortexM3\ARM_GCC_541\Debug\BilProjekt.a(Pin_interrupt.o)
 .comment       0x0000006e       0x6f .\CortexM3\ARM_GCC_541\Debug\BilProjekt.a(isr_RPi.o)
 .comment       0x0000006e       0x6f .\CortexM3\ARM_GCC_541\Debug\BilProjekt.a(CyFlash.o)
 .comment       0x0000006e       0x6f .\CortexM3\ARM_GCC_541\Debug\BilProjekt.a(CySpc.o)

.debug_weaknames
 *(.debug_weaknames)

.debug_funcnames
 *(.debug_funcnames)

.debug_typenames
 *(.debug_typenames)

.debug_varnames
 *(.debug_varnames)

.note.gnu.arm.ident
 *(.note.gnu.arm.ident)

.ARM.attributes
                0x00000000       0x29
 *(.ARM.attributes)
 .ARM.attributes
                0x00000000       0x1d c:/program files (x86)/cypress/psoc creator/4.3/psoc creator/import/gnu/arm/5.4.1/bin/../lib/gcc/arm-none-eabi/5.4.1/armv7-m/crti.o
 .ARM.attributes
                0x0000001d       0x2d c:/program files (x86)/cypress/psoc creator/4.3/psoc creator/import/gnu/arm/5.4.1/bin/../lib/gcc/arm-none-eabi/5.4.1/armv7-m/crtbegin.o
 .ARM.attributes
                0x0000004a       0x1b c:/program files (x86)/cypress/psoc creator/4.3/psoc creator/import/gnu/arm/5.4.1/bin/../lib/gcc/arm-none-eabi/5.4.1/../../../../arm-none-eabi/lib/armv7-m/crt0.o
 .ARM.attributes
                0x00000065       0x33 .\CortexM3\ARM_GCC_541\Debug\main.o
 .ARM.attributes
                0x00000098       0x33 .\CortexM3\ARM_GCC_541\Debug\distSensor.o
 .ARM.attributes
                0x000000cb       0x33 .\CortexM3\ARM_GCC_541\Debug\DCControl.o
 .ARM.attributes
                0x000000fe       0x33 .\CortexM3\ARM_GCC_541\Debug\servoControl.o
 .ARM.attributes
                0x00000131       0x33 .\CortexM3\ARM_GCC_541\Debug\interruptRoutine.o
 .ARM.attributes
                0x00000164       0x33 .\CortexM3\ARM_GCC_541\Debug\cyfitter_cfg.o
 .ARM.attributes
                0x00000197       0x33 .\CortexM3\ARM_GCC_541\Debug\cymetadata.o
 .ARM.attributes
                0x000001ca       0x33 .\CortexM3\ARM_GCC_541\Debug\Cm3Start.o
 .ARM.attributes
                0x000001fd       0x33 .\CortexM3\ARM_GCC_541\Debug\BilProjekt.a(CyLib.o)
 .ARM.attributes
                0x00000230       0x33 .\CortexM3\ARM_GCC_541\Debug\BilProjekt.a(cyPm.o)
 .ARM.attributes
                0x00000263       0x33 .\CortexM3\ARM_GCC_541\Debug\BilProjekt.a(UART_1.o)
 .ARM.attributes
                0x00000296       0x33 .\CortexM3\ARM_GCC_541\Debug\BilProjekt.a(Pin_1_7.o)
 .ARM.attributes
                0x000002c9       0x33 .\CortexM3\ARM_GCC_541\Debug\BilProjekt.a(Pin_1_6.o)
 .ARM.attributes
                0x000002fc       0x33 .\CortexM3\ARM_GCC_541\Debug\BilProjekt.a(UART_1_IntClock.o)
 .ARM.attributes
                0x0000032f       0x33 .\CortexM3\ARM_GCC_541\Debug\BilProjekt.a(Pin_RPi.o)
 .ARM.attributes
                0x00000362       0x33 .\CortexM3\ARM_GCC_541\Debug\BilProjekt.a(Pin_SensorRight_Trig.o)
 .ARM.attributes
                0x00000395       0x33 .\CortexM3\ARM_GCC_541\Debug\BilProjekt.a(Pin_SensorRight_Echo.o)
 .ARM.attributes
                0x000003c8       0x33 .\CortexM3\ARM_GCC_541\Debug\BilProjekt.a(PWM_DC.o)
 .ARM.attributes
                0x000003fb       0x33 .\CortexM3\ARM_GCC_541\Debug\BilProjekt.a(PWM_Servo.o)
 .ARM.attributes
                0x0000042e       0x33 .\CortexM3\ARM_GCC_541\Debug\BilProjekt.a(Pin_SensorFront_Trig.o)
 .ARM.attributes
                0x00000461       0x33 .\CortexM3\ARM_GCC_541\Debug\BilProjekt.a(Pin_SensorFront_Echo.o)
 .ARM.attributes
                0x00000494       0x33 .\CortexM3\ARM_GCC_541\Debug\BilProjekt.a(Pin_interrupt.o)
 .ARM.attributes
                0x000004c7       0x33 .\CortexM3\ARM_GCC_541\Debug\BilProjekt.a(isr_RPi.o)
 .ARM.attributes
                0x000004fa       0x21 .\CortexM3\ARM_GCC_541\Debug\BilProjekt.a(CyBootAsmGnu.o)
 .ARM.attributes
                0x0000051b       0x33 .\CortexM3\ARM_GCC_541\Debug\BilProjekt.a(CyFlash.o)
 .ARM.attributes
                0x0000054e       0x33 .\CortexM3\ARM_GCC_541\Debug\BilProjekt.a(CySpc.o)
 .ARM.attributes
                0x00000581       0x1d c:/program files (x86)/cypress/psoc creator/4.3/psoc creator/import/gnu/arm/5.4.1/bin/../lib/gcc/arm-none-eabi/5.4.1/armv7-m\libgcc.a(_arm_addsubdf3.o)
 .ARM.attributes
                0x0000059e       0x1d c:/program files (x86)/cypress/psoc creator/4.3/psoc creator/import/gnu/arm/5.4.1/bin/../lib/gcc/arm-none-eabi/5.4.1/armv7-m\libgcc.a(_arm_muldivdf3.o)
 .ARM.attributes
                0x000005bb       0x1d c:/program files (x86)/cypress/psoc creator/4.3/psoc creator/import/gnu/arm/5.4.1/bin/../lib/gcc/arm-none-eabi/5.4.1/armv7-m\libgcc.a(_arm_fixdfsi.o)
 .ARM.attributes
                0x000005d8       0x2d c:/program files (x86)/cypress/psoc creator/4.3/psoc creator/import/gnu/arm/5.4.1/bin/../lib/gcc/arm-none-eabi/5.4.1/../../../../arm-none-eabi/lib/armv7-m\libg_nano.a(lib_a-errno.o)
 .ARM.attributes
                0x00000605       0x2d c:/program files (x86)/cypress/psoc creator/4.3/psoc creator/import/gnu/arm/5.4.1/bin/../lib/gcc/arm-none-eabi/5.4.1/../../../../arm-none-eabi/lib/armv7-m\libg_nano.a(lib_a-exit.o)
 .ARM.attributes
                0x00000632       0x2d c:/program files (x86)/cypress/psoc creator/4.3/psoc creator/import/gnu/arm/5.4.1/bin/../lib/gcc/arm-none-eabi/5.4.1/../../../../arm-none-eabi/lib/armv7-m\libg_nano.a(lib_a-impure.o)
 .ARM.attributes
                0x0000065f       0x2d c:/program files (x86)/cypress/psoc creator/4.3/psoc creator/import/gnu/arm/5.4.1/bin/../lib/gcc/arm-none-eabi/5.4.1/../../../../arm-none-eabi/lib/armv7-m\libg_nano.a(lib_a-init.o)
 .ARM.attributes
                0x0000068c       0x2d c:/program files (x86)/cypress/psoc creator/4.3/psoc creator/import/gnu/arm/5.4.1/bin/../lib/gcc/arm-none-eabi/5.4.1/../../../../arm-none-eabi/lib/armv7-m\libg_nano.a(lib_a-memcpy-stub.o)
 .ARM.attributes
                0x000006b9       0x2d c:/program files (x86)/cypress/psoc creator/4.3/psoc creator/import/gnu/arm/5.4.1/bin/../lib/gcc/arm-none-eabi/5.4.1/../../../../arm-none-eabi/lib/armv7-m\libg_nano.a(lib_a-memset.o)
 .ARM.attributes
                0x000006e6       0x2d c:/program files (x86)/cypress/psoc creator/4.3/psoc creator/import/gnu/arm/5.4.1/bin/../lib/gcc/arm-none-eabi/5.4.1/armv7-m/crtend.o
 .ARM.attributes
                0x00000713       0x1d c:/program files (x86)/cypress/psoc creator/4.3/psoc creator/import/gnu/arm/5.4.1/bin/../lib/gcc/arm-none-eabi/5.4.1/armv7-m/crtn.o

/DISCARD/
 *(.note.GNU-stack)
OUTPUT(\\Mac\Home\Documents\Projekt\BilProjekt\BilProjekt.cydsn\CortexM3\ARM_GCC_541\Debug\BilProjekt.elf elf32-littlearm)
