Archive member included to satisfy reference by file (symbol)

.\CortexM3\ARM_GCC_541\Debug\Ultrasonic1sensor.a(UART_1.o)
                              .\CortexM3\ARM_GCC_541\Debug\main.o (UART_1_Start)
.\CortexM3\ARM_GCC_541\Debug\Ultrasonic1sensor.a(UART_1_IntClock.o)
                              .\CortexM3\ARM_GCC_541\Debug\Ultrasonic1sensor.a(UART_1.o) (UART_1_IntClock_Start)
.\CortexM3\ARM_GCC_541\Debug\Ultrasonic1sensor.a(CyLib.o)
                              .\CortexM3\ARM_GCC_541\Debug\Cm3Start.o (CyHalt)
.\CortexM3\ARM_GCC_541\Debug\Ultrasonic1sensor.a(cyPm.o)
                              .\CortexM3\ARM_GCC_541\Debug\Ultrasonic1sensor.a(CyLib.o) (CyPmReadStatus)
.\CortexM3\ARM_GCC_541\Debug\Ultrasonic1sensor.a(Pin_S1_Trig.o)
                              .\CortexM3\ARM_GCC_541\Debug\main.o (Pin_S1_Trig_Write)
.\CortexM3\ARM_GCC_541\Debug\Ultrasonic1sensor.a(Pin_S1_Echo.o)
                              .\CortexM3\ARM_GCC_541\Debug\main.o (Pin_S1_Echo_Read)
.\CortexM3\ARM_GCC_541\Debug\Ultrasonic1sensor.a(CyBootAsmGnu.o)
                              .\CortexM3\ARM_GCC_541\Debug\cyfitter_cfg.o (CyDelayCycles)
.\CortexM3\ARM_GCC_541\Debug\Ultrasonic1sensor.a(CyFlash.o)
                              .\CortexM3\ARM_GCC_541\Debug\Ultrasonic1sensor.a(cyPm.o) (CyFlash_SetWaitCycles)
.\CortexM3\ARM_GCC_541\Debug\Ultrasonic1sensor.a(CySpc.o)
                              .\CortexM3\ARM_GCC_541\Debug\Ultrasonic1sensor.a(CyFlash.o) (CySpcStart)
c:/program files (x86)/cypress/psoc creator/4.3/psoc creator/import/gnu/arm/5.4.1/bin/../lib/gcc/arm-none-eabi/5.4.1/armv7-m\libgcc.a(_arm_addsubdf3.o)
                              .\CortexM3\ARM_GCC_541\Debug\main.o (__aeabi_f2d)
c:/program files (x86)/cypress/psoc creator/4.3/psoc creator/import/gnu/arm/5.4.1/bin/../lib/gcc/arm-none-eabi/5.4.1/armv7-m\libgcc.a(_arm_addsubsf3.o)
                              .\CortexM3\ARM_GCC_541\Debug\main.o (__aeabi_i2f)
c:/program files (x86)/cypress/psoc creator/4.3/psoc creator/import/gnu/arm/5.4.1/bin/../lib/gcc/arm-none-eabi/5.4.1/../../../../arm-none-eabi/lib/armv7-m\libg_nano.a(lib_a-errno.o)
                              .\CortexM3\ARM_GCC_541\Debug\Cm3Start.o (__errno)
c:/program files (x86)/cypress/psoc creator/4.3/psoc creator/import/gnu/arm/5.4.1/bin/../lib/gcc/arm-none-eabi/5.4.1/../../../../arm-none-eabi/lib/armv7-m\libg_nano.a(lib_a-exit.o)
                              c:/program files (x86)/cypress/psoc creator/4.3/psoc creator/import/gnu/arm/5.4.1/bin/../lib/gcc/arm-none-eabi/5.4.1/../../../../arm-none-eabi/lib/armv7-m/crt0.o (exit)
c:/program files (x86)/cypress/psoc creator/4.3/psoc creator/import/gnu/arm/5.4.1/bin/../lib/gcc/arm-none-eabi/5.4.1/../../../../arm-none-eabi/lib/armv7-m\libg_nano.a(lib_a-impure.o)
                              c:/program files (x86)/cypress/psoc creator/4.3/psoc creator/import/gnu/arm/5.4.1/bin/../lib/gcc/arm-none-eabi/5.4.1/../../../../arm-none-eabi/lib/armv7-m\libg_nano.a(lib_a-exit.o) (_global_impure_ptr)
c:/program files (x86)/cypress/psoc creator/4.3/psoc creator/import/gnu/arm/5.4.1/bin/../lib/gcc/arm-none-eabi/5.4.1/../../../../arm-none-eabi/lib/armv7-m\libg_nano.a(lib_a-init.o)
                              c:/program files (x86)/cypress/psoc creator/4.3/psoc creator/import/gnu/arm/5.4.1/bin/../lib/gcc/arm-none-eabi/5.4.1/../../../../arm-none-eabi/lib/armv7-m/crt0.o (__libc_init_array)
c:/program files (x86)/cypress/psoc creator/4.3/psoc creator/import/gnu/arm/5.4.1/bin/../lib/gcc/arm-none-eabi/5.4.1/../../../../arm-none-eabi/lib/armv7-m\libg_nano.a(lib_a-memcpy-stub.o)
                              .\CortexM3\ARM_GCC_541\Debug\cyfitter_cfg.o (memcpy)
c:/program files (x86)/cypress/psoc creator/4.3/psoc creator/import/gnu/arm/5.4.1/bin/../lib/gcc/arm-none-eabi/5.4.1/../../../../arm-none-eabi/lib/armv7-m\libg_nano.a(lib_a-memset.o)
                              c:/program files (x86)/cypress/psoc creator/4.3/psoc creator/import/gnu/arm/5.4.1/bin/../lib/gcc/arm-none-eabi/5.4.1/../../../../arm-none-eabi/lib/armv7-m/crt0.o (memset)
c:/program files (x86)/cypress/psoc creator/4.3/psoc creator/import/gnu/arm/5.4.1/bin/../lib/gcc/arm-none-eabi/5.4.1/../../../../arm-none-eabi/lib/armv7-m\libg_nano.a(lib_a-nano-vfprintf_float.o)
                              (_printf_float)
c:/program files (x86)/cypress/psoc creator/4.3/psoc creator/import/gnu/arm/5.4.1/bin/../lib/gcc/arm-none-eabi/5.4.1/../../../../arm-none-eabi/lib/armv7-m\libg_nano.a(lib_a-nano-vfprintf_i.o)
                              c:/program files (x86)/cypress/psoc creator/4.3/psoc creator/import/gnu/arm/5.4.1/bin/../lib/gcc/arm-none-eabi/5.4.1/../../../../arm-none-eabi/lib/armv7-m\libg_nano.a(lib_a-nano-vfprintf_float.o) (_printf_common)
c:/program files (x86)/cypress/psoc creator/4.3/psoc creator/import/gnu/arm/5.4.1/bin/../lib/gcc/arm-none-eabi/5.4.1/../../../../arm-none-eabi/lib/armv7-m\libg_nano.a(lib_a-snprintf.o)
[...]
Memory Configuration

Name             Origin             Length             Attributes
rom              0x00000000         0x00040000         xr
ram              0x1fff8000         0x00010000         xrw
*default*        0x00000000         0xffffffff

Linker script and memory map

LOAD c:/program files (x86)/cypress/psoc creator/4.3/psoc creator/import/gnu/arm/5.4.1/bin/../lib/gcc/arm-none-eabi/5.4.1/armv7-m/crti.o
LOAD c:/program files (x86)/cypress/psoc creator/4.3/psoc creator/import/gnu/arm/5.4.1/bin/../lib/gcc/arm-none-eabi/5.4.1/armv7-m/crtbegin.o
LOAD c:/program files (x86)/cypress/psoc creator/4.3/psoc creator/import/gnu/arm/5.4.1/bin/../lib/gcc/arm-none-eabi/5.4.1/../../../../arm-none-eabi/lib/armv7-m/crt0.o
START GROUP
LOAD .\CortexM3\ARM_GCC_541\Debug\main.o
LOAD .\CortexM3\ARM_GCC_541\Debug\cyfitter_cfg.o
LOAD .\CortexM3\ARM_GCC_541\Debug\cymetadata.o
LOAD .\CortexM3\ARM_GCC_541\Debug\Cm3Start.o
LOAD .\CortexM3\ARM_GCC_541\Debug\Ultrasonic1sensor.a
LOAD C:\Program Files (x86)\Cypress\PSoC Creator\4.3\PSoC Creator\psoc\content\cycomponentlibrary\CyComponentLibrary.cylib\CortexM3\ARM_GCC_541\Debug\CyComponentLibrary.a
END GROUP
START GROUP
LOAD c:/program files (x86)/cypress/psoc creator/4.3/psoc creator/import/gnu/arm/5.4.1/bin/../lib/gcc/arm-none-eabi/5.4.1/armv7-m\libgcc.a
LOAD c:/program files (x86)/cypress/psoc creator/4.3/psoc creator/import/gnu/arm/5.4.1/bin/../lib/gcc/arm-none-eabi/5.4.1/../../../../arm-none-eabi/lib/armv7-m\libg_nano.a
LOAD c:/program files (x86)/cypress/psoc creator/4.3/psoc creator/import/gnu/arm/5.4.1/bin/../lib/gcc/arm-none-eabi/5.4.1/../../../../arm-none-eabi/lib/armv7-m\libc_nano.a
END GROUP
START GROUP
LOAD c:/program files (x86)/cypress/psoc creator/4.3/psoc creator/import/gnu/arm/5.4.1/bin/../lib/gcc/arm-none-eabi/5.4.1/armv7-m\libgcc.a
LOAD c:/program files (x86)/cypress/psoc creator/4.3/psoc creator/import/gnu/arm/5.4.1/bin/../lib/gcc/arm-none-eabi/5.4.1/../../../../arm-none-eabi/lib/armv7-m\libc_nano.a
END GROUP
LOAD c:/program files (x86)/cypress/psoc creator/4.3/psoc creator/import/gnu/arm/5.4.1/bin/../lib/gcc/arm-none-eabi/5.4.1/armv7-m/crtend.o
LOAD c:/program files (x86)/cypress/psoc creator/4.3/psoc creator/import/gnu/arm/5.4.1/bin/../lib/gcc/arm-none-eabi/5.4.1/armv7-m/crtn.o
START GROUP
LOAD c:/program files (x86)/cypress/psoc creator/4.3/psoc creator/import/gnu/arm/5.4.1/bin/../lib/gcc/arm-none-eabi/5.4.1/armv7-m\libgcc.a
LOAD c:/program files (x86)/cypress/psoc creator/4.3/psoc creator/import/gnu/arm/5.4.1/bin/../lib/gcc/arm-none-eabi/5.4.1/../../../../arm-none-eabi/lib/armv7-m\libc.a
LOAD c:/program files (x86)/cypress/psoc creator/4.3/psoc creator/import/gnu/arm/5.4.1/bin/../lib/gcc/arm-none-eabi/5.4.1/../../../../arm-none-eabi/lib/armv7-m\libnosys.a
END GROUP
                0x00000000                CY_APPL_ORIGIN = 0x0
                0x00000100                CY_FLASH_ROW_SIZE = 0x100
                0x00000020                CY_ECC_ROW_SIZE = 0x20
                0x00000000                CY_EE_IN_BTLDR = 0x0
                0x00000000                CY_APPL_LOADABLE = 0x0
                0x00000800                CY_EE_SIZE = 0x800
                0x00000001                CY_APPL_NUM = 0x1
                0x00000001                CY_APPL_MAX = 0x1
                0x00000040                CY_METADATA_SIZE = 0x40
                0x00000000                CY_APPL_LOADABLE = 0x0
                0x00000000                CY_CHECKSUM_EXCLUDE_SIZE = ALIGN (0x0, CY_FLASH_ROW_SIZE)
                [!provide]                PROVIDE (__cy_heap_start, _end)
                0x00000001                PROVIDE (__cy_region_num, ((__cy_regions_end - __cy_regions) / 0x10))
                0x20008000                PROVIDE (__cy_stack, (ORIGIN (ram) + LENGTH (ram)))
                [!provide]                PROVIDE (__cy_heap_end, (__cy_stack - 0x800))

.cybootloader   0x00000000        0x0
 *(.cybootloader)
                0x00000000                appl1_start = CY_APPL_ORIGIN?CY_APPL_ORIGIN:ALIGN (CY_FLASH_ROW_SIZE)
                0x0001ff00                appl2_start = (appl1_start + ALIGN ((((LENGTH (rom) - appl1_start) - (0x2 * CY_FLASH_ROW_SIZE)) / 0x2), CY_FLASH_ROW_SIZE))
                0x00000000                appl_start = (CY_APPL_NUM == 0x1)?appl1_start:appl2_start
                0x00000000                ecc_offset = ((appl_start / CY_FLASH_ROW_SIZE) * CY_ECC_ROW_SIZE)
                0x00000000                ee_offset = (CY_APPL_LOADABLE && ! (CY_EE_IN_BTLDR))?((CY_EE_SIZE / CY_APPL_MAX) * (CY_APPL_NUM - 0x1)):0x0
                0x00000800                ee_size = (CY_APPL_LOADABLE && ! (CY_EE_IN_BTLDR))?(CY_EE_SIZE / CY_APPL_MAX):CY_EE_SIZE
                [!provide]                PROVIDE (CY_ECC_OFFSET, ecc_offset)

.text           0x00000000     0x3180
 CREATE_OBJECT_SYMBOLS
                0x00000000                PROVIDE (__cy_interrupt_vector, RomVectors)
 *(.romvectors)
 .romvectors    0x00000000       0x10 .\CortexM3\ARM_GCC_541\Debug\Cm3Start.o
                0x00000000                RomVectors
                0x00000001                ASSERT ((. != __cy_interrupt_vector), No interrupt vector)
                0x00000001                ASSERT (CY_APPL_ORIGIN?(SIZEOF (.cybootloader) <= CY_APPL_ORIGIN):0x1, Wrong image location)
                0x00000010                PROVIDE (__cy_reset, Reset)
 *(.text.Reset)
 .text.Reset    0x00000010       0x18 .\CortexM3\ARM_GCC_541\Debug\Cm3Start.o
                0x00000010                Reset
                0x00000001                ASSERT ((. != __cy_reset), No reset code)
 *(.dma_init)
                0x00000001                ASSERT ((((appl_start + .) <= 0x10000) || 0x1), DMA Init must be within the first 64k of flash)
 *(.text .text.* .gnu.linkonce.t.*)
 .text          0x00000028       0x5c c:/program files (x86)/cypress/psoc creator/4.3/psoc creator/import/gnu/arm/5.4.1/bin/../lib/gcc/arm-none-eabi/5.4.1/armv7-m/crtbegin.o
 .text.getDistance
                0x00000084       0x48 .\CortexM3\ARM_GCC_541\Debug\main.o
                0x00000084                getDistance
 .text.main     0x000000cc       0x48 .\CortexM3\ARM_GCC_541\Debug\main.o
                0x000000cc                main
 .text.CyClockStartupError
                0x00000114        0x4 .\CortexM3\ARM_GCC_541\Debug\cyfitter_cfg.o
 .text.cfg_write_bytes32
                0x00000118       0x34 .\CortexM3\ARM_GCC_541\Debug\cyfitter_cfg.o
 .text.AnalogSetDefault
                0x0000014c       0x28 .\CortexM3\ARM_GCC_541\Debug\cyfitter_cfg.o
 .text.CYMEMZERO
                0x00000174        0xc .\CortexM3\ARM_GCC_541\Debug\cyfitter_cfg.o
 .text.ClockSetup
                0x00000180       0xb8 .\CortexM3\ARM_GCC_541\Debug\cyfitter_cfg.o
 .text.CYCONFIGCPY
                0x00000238        0x8 .\CortexM3\ARM_GCC_541\Debug\cyfitter_cfg.o
 .text.cyfitter_cfg
                0x00000240       0xf0 .\CortexM3\ARM_GCC_541\Debug\cyfitter_cfg.o
                0x00000240                cyfitter_cfg
 .text.IntDefaultHandler
                0x00000330       0x10 .\CortexM3\ARM_GCC_541\Debug\Cm3Start.o
                0x00000330                IntDefaultHandler
 .text._sbrk    0x00000340       0x30 .\CortexM3\ARM_GCC_541\Debug\Cm3Start.o
                0x00000340                _sbrk
 .text.Start_c  0x00000370       0x4c .\CortexM3\ARM_GCC_541\Debug\Cm3Start.o
                0x00000370                Start_c
 .text.initialize_psoc
                0x000003bc       0x68 .\CortexM3\ARM_GCC_541\Debug\Cm3Start.o
                0x000003bc                initialize_psoc
 .text.UART_1_Init
                0x00000424       0x28 .\CortexM3\ARM_GCC_541\Debug\Ultrasonic1sensor.a(UART_1.o)
                0x00000424                UART_1_Init
 .text.UART_1_Enable
                0x0000044c       0x38 .\CortexM3\ARM_GCC_541\Debug\Ultrasonic1sensor.a(UART_1.o)
                0x0000044c                UART_1_Enable
 .text.UART_1_Start
                0x00000484       0x1c .\CortexM3\ARM_GCC_541\Debug\Ultrasonic1sensor.a(UART_1.o)
                0x00000484                UART_1_Start
 .text.UART_1_PutChar
                0x000004a0       0x18 .\CortexM3\ARM_GCC_541\Debug\Ultrasonic1sensor.a(UART_1.o)
                0x000004a0                UART_1_PutChar
 .text.UART_1_PutString
                0x000004b8       0x24 .\CortexM3\ARM_GCC_541\Debug\Ultrasonic1sensor.a(UART_1.o)
                0x000004b8                UART_1_PutString
 .text.UART_1_IntClock_Start
                0x000004dc       0x1c .\CortexM3\ARM_GCC_541\Debug\Ultrasonic1sensor.a(UART_1_IntClock.o)
                0x000004dc                UART_1_IntClock_Start
 .text.CyDelay  0x000004f8       0x2c .\CortexM3\ARM_GCC_541\Debug\Ultrasonic1sensor.a(CyLib.o)
                0x000004f8                CyDelay
 .text.CyDelayUs
                0x00000524       0x14 .\CortexM3\ARM_GCC_541\Debug\Ultrasonic1sensor.a(CyLib.o)
                0x00000524                CyDelayUs
 .text.Pin_S1_Trig_Write
                0x00000538       0x18 .\CortexM3\ARM_GCC_541\Debug\Ultrasonic1sensor.a(Pin_S1_Trig.o)
                0x00000538                Pin_S1_Trig_Write
 .text.Pin_S1_Echo_Read
                0x00000550        0xc .\CortexM3\ARM_GCC_541\Debug\Ultrasonic1sensor.a(Pin_S1_Echo.o)
                0x00000550                Pin_S1_Echo_Read
 *fill*         0x0000055c        0x4 
 .text          0x00000560       0x20 .\CortexM3\ARM_GCC_541\Debug\Ultrasonic1sensor.a(CyBootAsmGnu.o)
                0x00000560                CyDelayCycles
                0x00000570                CyEnterCriticalSection
                0x00000578                CyExitCriticalSection
 .text          0x00000580      0x370 c:/program files (x86)/cypress/psoc creator/4.3/psoc creator/import/gnu/arm/5.4.1/bin/../lib/gcc/arm-none-eabi/5.4.1/armv7-m\libgcc.a(_arm_addsubdf3.o)
                0x00000580                __aeabi_drsub
                0x00000588                __aeabi_dsub
                0x00000588                __subdf3
                0x0000058c                __aeabi_dadd
                0x0000058c                __adddf3
                0x00000804                __floatunsidf
                0x00000804                __aeabi_ui2d
                0x00000824                __floatsidf
                0x00000824                __aeabi_i2d
                0x00000848                __aeabi_f2d
                0x00000848                __extendsfdf2
                0x00000884                __floatundidf
                0x00000884                __aeabi_ul2d
                0x00000894                __floatdidf
                0x00000894                __aeabi_l2d
 .text          0x000008f0      0x21c c:/program files (x86)/cypress/psoc creator/4.3/psoc creator/import/gnu/arm/5.4.1/bin/../lib/gcc/arm-none-eabi/5.4.1/armv7-m\libgcc.a(_arm_addsubsf3.o)
                0x000008f0                __aeabi_frsub
                0x000008f8                __subsf3
                0x000008f8                __aeabi_fsub
                0x000008fc                __aeabi_fadd
                0x000008fc                __addsf3
                0x00000a5c                __aeabi_ui2f
                0x00000a5c                __floatunsisf
                0x00000a64                __aeabi_i2f
                0x00000a64                __floatsisf
                0x00000a80                __aeabi_ul2f
                0x00000a80                __floatundisf
                0x00000a90                __aeabi_l2f
                0x00000a90                __floatdisf
 .text.__errno  0x00000b0c        0xc c:/program files (x86)/cypress/psoc creator/4.3/psoc creator/import/gnu/arm/5.4.1/bin/../lib/gcc/arm-none-eabi/5.4.1/../../../../arm-none-eabi/lib/armv7-m\libg_nano.a(lib_a-errno.o)
                0x00000b0c                __errno
 .text.__libc_init_array
                0x00000b18       0x4c c:/program files (x86)/cypress/psoc creator/4.3/psoc creator/import/gnu/arm/5.4.1/bin/../lib/gcc/arm-none-eabi/5.4.1/../../../../arm-none-eabi/lib/armv7-m\libg_nano.a(lib_a-init.o)
                0x00000b18                __libc_init_array
 .text.memcpy   0x00000b64       0x16 c:/program files (x86)/cypress/psoc creator/4.3/psoc creator/import/gnu/arm/5.4.1/bin/../lib/gcc/arm-none-eabi/5.4.1/../../../../arm-none-eabi/lib/armv7-m\libg_nano.a(lib_a-memcpy-stub.o)
                0x00000b64                memcpy
 .text.memset   0x00000b7a       0x10 c:/program files (x86)/cypress/psoc creator/4.3/psoc creator/import/gnu/arm/5.4.1/bin/../lib/gcc/arm-none-eabi/5.4.1/../../../../arm-none-eabi/lib/armv7-m\libg_nano.a(lib_a-memset.o)
                0x00000b7a                memset
 .text.__cvt    0x00000b8a       0xc0 c:/program files (x86)/cypress/psoc creator/4.3/psoc creator/import/gnu/arm/5.4.1/bin/../lib/gcc/arm-none-eabi/5.4.1/../../../../arm-none-eabi/lib/armv7-m\libg_nano.a(lib_a-nano-vfprintf_float.o)
                0x00000b8a                __cvt
 .text.__exponent
                0x00000c4a       0x62 c:/program files (x86)/cypress/psoc creator/4.3/psoc creator/import/gnu/arm/5.4.1/bin/../lib/gcc/arm-none-eabi/5.4.1/../../../../arm-none-eabi/lib/armv7-m\libg_nano.a(lib_a-nano-vfprintf_float.o)
                0x00000c4a                __exponent
 .text._printf_float
                0x00000cac      0x488 c:/program files (x86)/cypress/psoc creator/4.3/psoc creator/import/gnu/arm/5.4.1/bin/../lib/gcc/arm-none-eabi/5.4.1/../../../../arm-none-eabi/lib/armv7-m\libg_nano.a(lib_a-nano-vfprintf_float.o)
                0x00000cac                _printf_float
 .text._printf_common
                0x00001134       0xec c:/program files (x86)/cypress/psoc creator/4.3/psoc creator/import/gnu/arm/5.4.1/bin/../lib/gcc/arm-none-eabi/5.4.1/../../../../arm-none-eabi/lib/armv7-m\libg_nano.a(lib_a-nano-vfprintf_i.o)
                0x00001134                _printf_common
 .text._printf_i
                0x00001220      0x24c c:/program files (x86)/cypress/psoc creator/4.3/psoc creator/import/gnu/arm/5.4.1/bin/../lib/gcc/arm-none-eabi/5.4.1/../../../../arm-none-eabi/lib/armv7-m\libg_nano.a(lib_a-nano-vfprintf_i.o)
                0x00001220                _printf_i
 .text.snprintf
                0x0000146c       0x64 c:/program files (x86)/cypress/psoc creator/4.3/psoc creator/import/gnu/arm/5.4.1/bin/../lib/gcc/arm-none-eabi/5.4.1/../../../../arm-none-eabi/lib/armv7-m\libg_nano.a(lib_a-snprintf.o)
                0x0000146c                sniprintf
                0x0000146c                snprintf
 .text          0x000014d0       0x10 c:/program files (x86)/cypress/psoc creator/4.3/psoc creator/import/gnu/arm/5.4.1/bin/../lib/gcc/arm-none-eabi/5.4.1/../../../../arm-none-eabi/lib/armv7-m\libg_nano.a(lib_a-strlen.o)
                0x000014d0                strlen
 .text.quorem   0x000014e0      0x116 c:/program files (x86)/cypress/psoc creator/4.3/psoc creator/import/gnu/arm/5.4.1/bin/../lib/gcc/arm-none-eabi/5.4.1/../../../../arm-none-eabi/lib/armv7-m\libg_nano.a(lib_a-dtoa.o)
 *fill*         0x000015f6        0x2 
 .text._dtoa_r  0x000015f8      0xb30 c:/program files (x86)/cypress/psoc creator/4.3/psoc creator/import/gnu/arm/5.4.1/bin/../lib/gcc/arm-none-eabi/5.4.1/../../../../arm-none-eabi/lib/armv7-m\libg_nano.a(lib_a-dtoa.o)
                0x000015f8                _dtoa_r
 .text._localeconv_r
                0x00002128        0x8 c:/program files (x86)/cypress/psoc creator/4.3/psoc creator/import/gnu/arm/5.4.1/bin/../lib/gcc/arm-none-eabi/5.4.1/../../../../arm-none-eabi/lib/armv7-m\libg_nano.a(lib_a-locale.o)
                0x00002128                _localeconv_r
 .text.malloc   0x00002130       0x10 c:/program files (x86)/cypress/psoc creator/4.3/psoc creator/import/gnu/arm/5.4.1/bin/../lib/gcc/arm-none-eabi/5.4.1/../../../../arm-none-eabi/lib/armv7-m\libg_nano.a(lib_a-malloc.o)
                0x00002130                malloc
 .text.memchr   0x00002140       0x1c c:/program files (x86)/cypress/psoc creator/4.3/psoc creator/import/gnu/arm/5.4.1/bin/../lib/gcc/arm-none-eabi/5.4.1/../../../../arm-none-eabi/lib/armv7-m\libg_nano.a(lib_a-memchr-stub.o)
                0x00002140                memchr
 .text._Balloc  0x0000215c       0x6a c:/program files (x86)/cypress/psoc creator/4.3/psoc creator/import/gnu/arm/5.4.1/bin/../lib/gcc/arm-none-eabi/5.4.1/../../../../arm-none-eabi/lib/armv7-m\libg_nano.a(lib_a-mprec.o)
                0x0000215c                _Balloc
 .text._Bfree   0x000021c6       0x2e c:/program files (x86)/cypress/psoc creator/4.3/psoc creator/import/gnu/arm/5.4.1/bin/../lib/gcc/arm-none-eabi/5.4.1/../../../../arm-none-eabi/lib/armv7-m\libg_nano.a(lib_a-mprec.o)
                0x000021c6                _Bfree
 .text.__multadd
                0x000021f4       0x76 c:/program files (x86)/cypress/psoc creator/4.3/psoc creator/import/gnu/arm/5.4.1/bin/../lib/gcc/arm-none-eabi/5.4.1/../../../../arm-none-eabi/lib/armv7-m\libg_nano.a(lib_a-mprec.o)
                0x000021f4                __multadd
 .text.__hi0bits
                0x0000226a       0x40 c:/program files (x86)/cypress/psoc creator/4.3/psoc creator/import/gnu/arm/5.4.1/bin/../lib/gcc/arm-none-eabi/5.4.1/../../../../arm-none-eabi/lib/armv7-m\libg_nano.a(lib_a-mprec.o)
                0x0000226a                __hi0bits
 .text.__lo0bits
                0x000022aa       0x5a c:/program files (x86)/cypress/psoc creator/4.3/psoc creator/import/gnu/arm/5.4.1/bin/../lib/gcc/arm-none-eabi/5.4.1/../../../../arm-none-eabi/lib/armv7-m\libg_nano.a(lib_a-mprec.o)
                0x000022aa                __lo0bits
 .text.__i2b    0x00002304       0x12 c:/program files (x86)/cypress/psoc creator/4.3/psoc creator/import/gnu/arm/5.4.1/bin/../lib/gcc/arm-none-eabi/5.4.1/../../../../arm-none-eabi/lib/armv7-m\libg_nano.a(lib_a-mprec.o)
                0x00002304                __i2b
 .text.__multiply
                0x00002316      0x120 c:/program files (x86)/cypress/psoc creator/4.3/psoc creator/import/gnu/arm/5.4.1/bin/../lib/gcc/arm-none-eabi/5.4.1/../../../../arm-none-eabi/lib/armv7-m\libg_nano.a(lib_a-mprec.o)
                0x00002316                __multiply
 *fill*         0x00002436        0x2 
 .text.__pow5mult
                0x00002438       0x9c c:/program files (x86)/cypress/psoc creator/4.3/psoc creator/import/gnu/arm/5.4.1/bin/../lib/gcc/arm-none-eabi/5.4.1/../../../../arm-none-eabi/lib/armv7-m\libg_nano.a(lib_a-mprec.o)
                0x00002438                __pow5mult
 .text.__lshift
                0x000024d4       0xa2 c:/program files (x86)/cypress/psoc creator/4.3/psoc creator/import/gnu/arm/5.4.1/bin/../lib/gcc/arm-none-eabi/5.4.1/../../../../arm-none-eabi/lib/armv7-m\libg_nano.a(lib_a-mprec.o)
                0x000024d4                __lshift
 .text.__mcmp   0x00002576       0x38 c:/program files (x86)/cypress/psoc creator/4.3/psoc creator/import/gnu/arm/5.4.1/bin/../lib/gcc/arm-none-eabi/5.4.1/../../../../arm-none-eabi/lib/armv7-m\libg_nano.a(lib_a-mprec.o)
                0x00002576                __mcmp
 .text.__mdiff  0x000025ae       0xbe c:/program files (x86)/cypress/psoc creator/4.3/psoc creator/import/gnu/arm/5.4.1/bin/../lib/gcc/arm-none-eabi/5.4.1/../../../../arm-none-eabi/lib/armv7-m\libg_nano.a(lib_a-mprec.o)
                0x000025ae                __mdiff
 .text.__d2b    0x0000266c       0x9c c:/program files (x86)/cypress/psoc creator/4.3/psoc creator/import/gnu/arm/5.4.1/bin/../lib/gcc/arm-none-eabi/5.4.1/../../../../arm-none-eabi/lib/armv7-m\libg_nano.a(lib_a-mprec.o)
                0x0000266c                __d2b
 .text._calloc_r
                0x00002708       0x1c c:/program files (x86)/cypress/psoc creator/4.3/psoc creator/import/gnu/arm/5.4.1/bin/../lib/gcc/arm-none-eabi/5.4.1/../../../../arm-none-eabi/lib/armv7-m\libg_nano.a(lib_a-nano-callocr.o)
                0x00002708                _calloc_r
 .text._free_r  0x00002724       0x98 c:/program files (x86)/cypress/psoc creator/4.3/psoc creator/import/gnu/arm/5.4.1/bin/../lib/gcc/arm-none-eabi/5.4.1/../../../../arm-none-eabi/lib/armv7-m\libg_nano.a(lib_a-nano-freer.o)
                0x00002724                _free_r
 .text._malloc_r
                0x000027bc       0xbc c:/program files (x86)/cypress/psoc creator/4.3/psoc creator/import/gnu/arm/5.4.1/bin/../lib/gcc/arm-none-eabi/5.4.1/../../../../arm-none-eabi/lib/armv7-m\libg_nano.a(lib_a-nano-mallocr.o)
                0x000027bc                _malloc_r
 .text.__ssputs_r
                0x00002878       0xb2 c:/program files (x86)/cypress/psoc creator/4.3/psoc creator/import/gnu/arm/5.4.1/bin/../lib/gcc/arm-none-eabi/5.4.1/../../../../arm-none-eabi/lib/armv7-m\libg_nano.a(lib_a-nano-svfprintf.o)
                0x00002878                __ssputs_r
 *fill*         0x0000292a        0x2 
 .text._svfprintf_r
                0x0000292c      0x1e8 c:/program files (x86)/cypress/psoc creator/4.3/psoc creator/import/gnu/arm/5.4.1/bin/../lib/gcc/arm-none-eabi/5.4.1/../../../../arm-none-eabi/lib/armv7-m\libg_nano.a(lib_a-nano-svfprintf.o)
                0x0000292c                _svfiprintf_r
                0x0000292c                _svfprintf_r
 .text._sbrk_r  0x00002b14       0x20 c:/program files (x86)/cypress/psoc creator/4.3/psoc creator/import/gnu/arm/5.4.1/bin/../lib/gcc/arm-none-eabi/5.4.1/../../../../arm-none-eabi/lib/armv7-m\libg_nano.a(lib_a-sbrkr.o)
                0x00002b14                _sbrk_r
 .text.memmove  0x00002b34       0x36 c:/program files (x86)/cypress/psoc creator/4.3/psoc creator/import/gnu/arm/5.4.1/bin/../lib/gcc/arm-none-eabi/5.4.1/../../../../arm-none-eabi/lib/armv7-m\libg_nano.a(lib_a-memmove.o)
                0x00002b34                memmove
 .text.__malloc_lock
                0x00002b6a        0x2 c:/program files (x86)/cypress/psoc creator/4.3/psoc creator/import/gnu/arm/5.4.1/bin/../lib/gcc/arm-none-eabi/5.4.1/../../../../arm-none-eabi/lib/armv7-m\libg_nano.a(lib_a-mlock.o)
                0x00002b6a                __malloc_lock
 .text.__malloc_unlock
                0x00002b6c        0x2 c:/program files (x86)/cypress/psoc creator/4.3/psoc creator/import/gnu/arm/5.4.1/bin/../lib/gcc/arm-none-eabi/5.4.1/../../../../arm-none-eabi/lib/armv7-m\libg_nano.a(lib_a-mlock.o)
                0x00002b6c                __malloc_unlock
 .text._realloc_r
                0x00002b6e       0x4c c:/program files (x86)/cypress/psoc creator/4.3/psoc creator/import/gnu/arm/5.4.1/bin/../lib/gcc/arm-none-eabi/5.4.1/../../../../arm-none-eabi/lib/armv7-m\libg_nano.a(lib_a-nano-reallocr.o)
                0x00002b6e                _realloc_r
 .text._malloc_usable_size_r
                0x00002bba       0x14 c:/program files (x86)/cypress/psoc creator/4.3/psoc creator/import/gnu/arm/5.4.1/bin/../lib/gcc/arm-none-eabi/5.4.1/../../../../arm-none-eabi/lib/armv7-m\libg_nano.a(lib_a-nano-msizer.o)
                0x00002bba                _malloc_usable_size_r
 *fill*         0x00002bce        0x2 
 .text          0x00002bd0      0x424 c:/program files (x86)/cypress/psoc creator/4.3/psoc creator/import/gnu/arm/5.4.1/bin/../lib/gcc/arm-none-eabi/5.4.1/armv7-m\libgcc.a(_arm_muldivdf3.o)
                0x00002bd0                __aeabi_dmul
                0x00002bd0                __muldf3
                0x00002e24                __divdf3
                0x00002e24                __aeabi_ddiv
 .text          0x00002ff4      0x110 c:/program files (x86)/cypress/psoc creator/4.3/psoc creator/import/gnu/arm/5.4.1/bin/../lib/gcc/arm-none-eabi/5.4.1/armv7-m\libgcc.a(_arm_cmpdf2.o)
                0x00002ff4                __gtdf2
                0x00002ff4                __gedf2
                0x00002ffc                __ltdf2
                0x00002ffc                __ledf2
                0x00003004                __nedf2
                0x00003004                __eqdf2
                0x00003004                __cmpdf2
                0x00003080                __aeabi_cdrcmple
                0x00003090                __aeabi_cdcmpeq
                0x00003090                __aeabi_cdcmple
                0x000030a0                __aeabi_dcmpeq
                0x000030b4                __aeabi_dcmplt
                0x000030c8                __aeabi_dcmple
                0x000030dc                __aeabi_dcmpge
                0x000030f0                __aeabi_dcmpgt
 .text          0x00003104       0x2c c:/program files (x86)/cypress/psoc creator/4.3/psoc creator/import/gnu/arm/5.4.1/bin/../lib/gcc/arm-none-eabi/5.4.1/armv7-m\libgcc.a(_arm_unorddf2.o)
                0x00003104                __unorddf2
                0x00003104                __aeabi_dcmpun
 .text          0x00003130       0x50 c:/program files (x86)/cypress/psoc creator/4.3/psoc creator/import/gnu/arm/5.4.1/bin/../lib/gcc/arm-none-eabi/5.4.1/armv7-m\libgcc.a(_arm_fixdfsi.o)
                0x00003130                __aeabi_d2iz
                0x00003130                __fixdfsi
 *(.plt)
 *(.gnu.warning)
 *(.glue_7t)
 .glue_7t       0x00003180        0x0 linker stubs
 *(.glue_7)
 .glue_7        0x00003180        0x0 linker stubs
 *(.vfp11_veneer)
 .vfp11_veneer  0x00003180        0x0 linker stubs
 *(.bootloader)
 *(.ARM.extab* .gnu.linkonce.armextab.*)
 *(.gcc_except_table)

.v4_bx          0x00003180        0x0
 .v4_bx         0x00003180        0x0 linker stubs

.iplt           0x00003180        0x0
 .iplt          0x00003180        0x0 c:/program files (x86)/cypress/psoc creator/4.3/psoc creator/import/gnu/arm/5.4.1/bin/../lib/gcc/arm-none-eabi/5.4.1/armv7-m/crtbegin.o

.eh_frame_hdr
 *(.eh_frame_hdr)

.eh_frame       0x00003180        0x4
 *(.eh_frame)
 .eh_frame      0x00003180        0x0 c:/program files (x86)/cypress/psoc creator/4.3/psoc creator/import/gnu/arm/5.4.1/bin/../lib/gcc/arm-none-eabi/5.4.1/armv7-m/crtbegin.o
 .eh_frame      0x00003180        0x4 c:/program files (x86)/cypress/psoc creator/4.3/psoc creator/import/gnu/arm/5.4.1/bin/../lib/gcc/arm-none-eabi/5.4.1/armv7-m/crtend.o
                [!provide]                PROVIDE (__exidx_start, .)

.ARM.exidx
 *(.ARM.exidx* .gnu.linkonce.armexidx.*)
                0x00003184                __exidx_end = .

.rodata         0x00003188      0x208
 *(.rodata .rodata.* .gnu.linkonce.r.*)
 .rodata.str1.4
                0x00003188       0x38 .\CortexM3\ARM_GCC_541\Debug\main.o
 .rodata        0x000031c0       0x36 .\CortexM3\ARM_GCC_541\Debug\cyfitter_cfg.o
 .rodata.str1.1
                0x000031f6        0x2 c:/program files (x86)/cypress/psoc creator/4.3/psoc creator/import/gnu/arm/5.4.1/bin/../lib/gcc/arm-none-eabi/5.4.1/../../../../arm-none-eabi/lib/armv7-m\libg_nano.a(lib_a-impure.o)
 .rodata.str1.1
                0x000031f8       0x12 c:/program files (x86)/cypress/psoc creator/4.3/psoc creator/import/gnu/arm/5.4.1/bin/../lib/gcc/arm-none-eabi/5.4.1/../../../../arm-none-eabi/lib/armv7-m\libg_nano.a(lib_a-nano-vfprintf_float.o)
 .rodata.str1.1
                0x0000320a       0x22 c:/program files (x86)/cypress/psoc creator/4.3/psoc creator/import/gnu/arm/5.4.1/bin/../lib/gcc/arm-none-eabi/5.4.1/../../../../arm-none-eabi/lib/armv7-m\libg_nano.a(lib_a-nano-vfprintf_i.o)
 .rodata.str1.1
                0x0000322c        0xd c:/program files (x86)/cypress/psoc creator/4.3/psoc creator/import/gnu/arm/5.4.1/bin/../lib/gcc/arm-none-eabi/5.4.1/../../../../arm-none-eabi/lib/armv7-m\libg_nano.a(lib_a-dtoa.o)
                                  0xf (size before relaxing)
 .rodata.str1.1
                0x00003239        0x8 c:/program files (x86)/cypress/psoc creator/4.3/psoc creator/import/gnu/arm/5.4.1/bin/../lib/gcc/arm-none-eabi/5.4.1/../../../../arm-none-eabi/lib/armv7-m\libg_nano.a(lib_a-locale.o)
                                  0xb (size before relaxing)
 *fill*         0x00003241        0x7 
 .rodata.__mprec_tens
                0x00003248       0xc8 c:/program files (x86)/cypress/psoc creator/4.3/psoc creator/import/gnu/arm/5.4.1/bin/../lib/gcc/arm-none-eabi/5.4.1/../../../../arm-none-eabi/lib/armv7-m\libg_nano.a(lib_a-mprec.o)
                0x00003248                __mprec_tens
 .rodata.p05.5408
                0x00003310        0xc c:/program files (x86)/cypress/psoc creator/4.3/psoc creator/import/gnu/arm/5.4.1/bin/../lib/gcc/arm-none-eabi/5.4.1/../../../../arm-none-eabi/lib/armv7-m\libg_nano.a(lib_a-mprec.o)
 *fill*         0x0000331c        0x4 
 .rodata.__mprec_bigtens
                0x00003320       0x28 c:/program files (x86)/cypress/psoc creator/4.3/psoc creator/import/gnu/arm/5.4.1/bin/../lib/gcc/arm-none-eabi/5.4.1/../../../../arm-none-eabi/lib/armv7-m\libg_nano.a(lib_a-mprec.o)
                0x00003320                __mprec_bigtens
 .rodata.str1.1
                0x00003348       0x11 c:/program files (x86)/cypress/psoc creator/4.3/psoc creator/import/gnu/arm/5.4.1/bin/../lib/gcc/arm-none-eabi/5.4.1/../../../../arm-none-eabi/lib/armv7-m\libg_nano.a(lib_a-nano-svfprintf.o)
                0x0000335c                . = ALIGN (0x4)
 *fill*         0x00003359        0x3 
 *(.init)
 .init          0x0000335c        0x4 c:/program files (x86)/cypress/psoc creator/4.3/psoc creator/import/gnu/arm/5.4.1/bin/../lib/gcc/arm-none-eabi/5.4.1/armv7-m/crti.o
                0x0000335c                _init
 .init          0x00003360        0x8 c:/program files (x86)/cypress/psoc creator/4.3/psoc creator/import/gnu/arm/5.4.1/bin/../lib/gcc/arm-none-eabi/5.4.1/armv7-m/crtn.o
                0x00003368                . = ALIGN (0x4)
                0x00003368                __preinit_array_start = .
 *(.preinit_array)
                0x00003368                __preinit_array_end = .
                0x00003368                . = ALIGN (0x4)
                0x00003368                __init_array_start = .
 *(SORT(.init_array.*))
 *(.init_array)
 .init_array    0x00003368        0x4 c:/program files (x86)/cypress/psoc creator/4.3/psoc creator/import/gnu/arm/5.4.1/bin/../lib/gcc/arm-none-eabi/5.4.1/armv7-m/crtbegin.o
 .init_array    0x0000336c        0x4 .\CortexM3\ARM_GCC_541\Debug\Cm3Start.o
                0x00003370                __init_array_end = .
                0x00003370                . = ALIGN (0x4)
 *(.fini)
 .fini          0x00003370        0x4 c:/program files (x86)/cypress/psoc creator/4.3/psoc creator/import/gnu/arm/5.4.1/bin/../lib/gcc/arm-none-eabi/5.4.1/armv7-m/crti.o
                0x00003370                _fini
 .fini          0x00003374        0x8 c:/program files (x86)/cypress/psoc creator/4.3/psoc creator/import/gnu/arm/5.4.1/bin/../lib/gcc/arm-none-eabi/5.4.1/armv7-m/crtn.o
                0x0000337c                . = ALIGN (0x4)
                0x0000337c                __fini_array_start = .
 *(.fini_array)
 .fini_array    0x0000337c        0x4 c:/program files (x86)/cypress/psoc creator/4.3/psoc creator/import/gnu/arm/5.4.1/bin/../lib/gcc/arm-none-eabi/5.4.1/armv7-m/crtbegin.o
 *(SORT(.fini_array.*))
                0x00003380                __fini_array_end = .
                0x00003380                . = ALIGN (0x4)
 *crtbegin.o(.ctors)
 *(EXCLUDE_FILE(*crtend.o) .ctors)
 *(SORT(.ctors.*))
 *crtend.o(.ctors)
                0x00003380                . = ALIGN (0x4)
 *crtbegin.o(.dtors)
 *(EXCLUDE_FILE(*crtend.o) .dtors)
 *(SORT(.dtors.*))
 *crtend.o(.dtors)
                0x00003380                . = ALIGN (0x4)
                0x00003380                __cy_regions = .
                0x00003380        0x4 LONG 0x3390 __cy_region_init_ram
                0x00003384        0x4 LONG 0x1fff80c8 __cy_region_start_data
                0x00003388        0x4 LONG 0xb8 __cy_region_init_size_ram
                0x0000338c        0x4 LONG 0x30 __cy_region_zero_size_ram
                0x00003390                __cy_regions_end = .
                0x00003390                . = ALIGN (0x8)
                0x00003390                _etext = .

.cy_checksum_exclude
                0x00003390        0x0
 *(.cy_checksum_exclude)

.ramvectors     0x1fff8000       0xc0
                0x1fff8000                __cy_region_start_ram = .
 *(.ramvectors)
 .ramvectors    0x1fff8000       0xc0 .\CortexM3\ARM_GCC_541\Debug\Cm3Start.o
                0x1fff8000                CyRamVectors

.noinit         0x1fff80c0        0x1
 *(.noinit)
 .noinit        0x1fff80c0        0x1 .\CortexM3\ARM_GCC_541\Debug\Ultrasonic1sensor.a(CyLib.o)
                0x1fff80c0                CyResetStatus

.data           0x1fff80c8       0xb8 load address 0x00003390
                0x1fff80c8                __cy_region_start_data = .
 *(.jcr)
 .jcr           0x1fff80c8        0x0 c:/program files (x86)/cypress/psoc creator/4.3/psoc creator/import/gnu/arm/5.4.1/bin/../lib/gcc/arm-none-eabi/5.4.1/armv7-m/crtbegin.o
 .jcr           0x1fff80c8        0x4 c:/program files (x86)/cypress/psoc creator/4.3/psoc creator/import/gnu/arm/5.4.1/bin/../lib/gcc/arm-none-eabi/5.4.1/armv7-m/crtend.o
 *(.got.plt)
 *(.got)
 *(.shdata)
 *(.data .data.* .gnu.linkonce.d.*)
 .data          0x1fff80cc        0x4 .\CortexM3\ARM_GCC_541\Debug\Cm3Start.o
 .data          0x1fff80d0       0x10 .\CortexM3\ARM_GCC_541\Debug\Ultrasonic1sensor.a(CyLib.o)
                0x1fff80d0                cydelay_32k_ms
                0x1fff80d4                cydelay_freq_khz
                0x1fff80d8                cydelay_freq_mhz
                0x1fff80dc                cydelay_freq_hz
 .data.impure_data
                0x1fff80e0       0x60 c:/program files (x86)/cypress/psoc creator/4.3/psoc creator/import/gnu/arm/5.4.1/bin/../lib/gcc/arm-none-eabi/5.4.1/../../../../arm-none-eabi/lib/armv7-m\libg_nano.a(lib_a-impure.o)
 .data._impure_ptr
                0x1fff8140        0x4 c:/program files (x86)/cypress/psoc creator/4.3/psoc creator/import/gnu/arm/5.4.1/bin/../lib/gcc/arm-none-eabi/5.4.1/../../../../arm-none-eabi/lib/armv7-m\libg_nano.a(lib_a-impure.o)
                0x1fff8140                _impure_ptr
 .data.lconv    0x1fff8144       0x38 c:/program files (x86)/cypress/psoc creator/4.3/psoc creator/import/gnu/arm/5.4.1/bin/../lib/gcc/arm-none-eabi/5.4.1/../../../../arm-none-eabi/lib/armv7-m\libg_nano.a(lib_a-locale.o)
                0x1fff8180                . = ALIGN (0x8)
 *fill*         0x1fff817c        0x4 
 *(.ram)
                0x1fff8180                _edata = .

.igot.plt       0x1fff8180        0x0 load address 0x00003448
 .igot.plt      0x1fff8180        0x0 c:/program files (x86)/cypress/psoc creator/4.3/psoc creator/import/gnu/arm/5.4.1/bin/../lib/gcc/arm-none-eabi/5.4.1/armv7-m/crtbegin.o

.bss            0x1fff8180       0x30 load address 0x00003448
                0x1fff8180                PROVIDE (__bss_start__, .)
 *(.shbss)
 *(.bss .bss.* .gnu.linkonce.b.*)
 .bss           0x1fff8180       0x1c c:/program files (x86)/cypress/psoc creator/4.3/psoc creator/import/gnu/arm/5.4.1/bin/../lib/gcc/arm-none-eabi/5.4.1/armv7-m/crtbegin.o
 .bss           0x1fff819c        0x2 .\CortexM3\ARM_GCC_541\Debug\Ultrasonic1sensor.a(UART_1.o)
                0x1fff819c                UART_1_initVar
 *fill*         0x1fff819e        0x2 
 .bss.__malloc_sbrk_start
                0x1fff81a0        0x4 c:/program files (x86)/cypress/psoc creator/4.3/psoc creator/import/gnu/arm/5.4.1/bin/../lib/gcc/arm-none-eabi/5.4.1/../../../../arm-none-eabi/lib/armv7-m\libg_nano.a(lib_a-nano-mallocr.o)
                0x1fff81a0                __malloc_sbrk_start
 .bss.__malloc_free_list
                0x1fff81a4        0x4 c:/program files (x86)/cypress/psoc creator/4.3/psoc creator/import/gnu/arm/5.4.1/bin/../lib/gcc/arm-none-eabi/5.4.1/../../../../arm-none-eabi/lib/armv7-m\libg_nano.a(lib_a-nano-mallocr.o)
                0x1fff81a4                __malloc_free_list
 *(COMMON)
 COMMON         0x1fff81a8        0x4 c:/program files (x86)/cypress/psoc creator/4.3/psoc creator/import/gnu/arm/5.4.1/bin/../lib/gcc/arm-none-eabi/5.4.1/../../../../arm-none-eabi/lib/armv7-m\libg_nano.a(lib_a-reent.o)
                0x1fff81a8                errno
                0x1fff81b0                . = ALIGN (0x8)
 *fill*         0x1fff81ac        0x4 
 *(.ram.b)
                0x1fff81b0                _end = .
                0x1fff81b0                __end = .
                0x1fff81b0                PROVIDE (end, .)
                0x1fff81b0                PROVIDE (__bss_end__, .)
                0x00003390                __cy_region_init_ram = LOADADDR (.data)
                0x000000b8                __cy_region_init_size_ram = (_edata - ADDR (.data))
                0x00000030                __cy_region_zero_size_ram = (_end - _edata)

.heap           0x1fff81b0      0x200 load address 0x00003448
                0x1fff81b0                . = _end
                0x1fff83b0                . = (. + 0x200)
 *fill*         0x1fff81b0      0x200 
                0x1fff83b0                __cy_heap_limit = .

.stack          0x20007800      0x800
                0x20007800                __cy_stack_limit = .
                0x20008000                . = (. + 0x800)
 *fill*         0x20007800      0x800 
                0x00000001                ASSERT ((__cy_stack_limit >= __cy_heap_limit), region RAM overflowed with stack)
                0x00000000                cy_checksum_exclude_size = (CY_APPL_LOADABLE == 0x1)?SIZEOF (.cy_checksum_exclude):0x0
                0x00000001                ASSERT ((cy_checksum_exclude_size <= CY_CHECKSUM_EXCLUDE_SIZE), CY_BOOT: Section .cy_checksum_exclude size exceedes specified limit.)

.cyloadermeta
 *(.cyloadermeta)

.cyloadablemeta
 *(.cyloadablemeta)

.cyconfigecc    0x80000000      0x3bc
 *(.cyconfigecc)
 .cyconfigecc   0x80000000      0x3bc .\CortexM3\ARM_GCC_541\Debug\cymetadata.o
                0x80000000                cy_meta_configecc

.cycustnvl      0x90000000        0x4
 *(.cycustnvl)
 .cycustnvl     0x90000000        0x4 .\CortexM3\ARM_GCC_541\Debug\cymetadata.o
                0x90000000                cy_meta_custnvl

.cywolatch      0x90100000        0x4
 *(.cywolatch)
 .cywolatch     0x90100000        0x4 .\CortexM3\ARM_GCC_541\Debug\cymetadata.o
                0x90100000                cy_meta_wonvl

.cyeeprom       0x90200000        0x0
 *(.cyeeprom)
                0x00000001                ASSERT ((. <= ((0x90200000 + ee_offset) + ee_size)), .cyeeprom data will not fit in EEPROM)

.cyflashprotect
                0x90400000      0x100
 *(.cyflashprotect)
 .cyflashprotect
                0x90400000      0x100 .\CortexM3\ARM_GCC_541\Debug\cymetadata.o
                0x90400000                cy_meta_flashprotect

.cymeta         0x90500000        0xc
 *(.cymeta)
 .cymeta        0x90500000        0xc .\CortexM3\ARM_GCC_541\Debug\cymetadata.o
                0x90500000                cy_metadata

.rel.dyn        0x00003448        0x0 load address 0x9050000c
 .rel.iplt      0x00003448        0x0 c:/program files (x86)/cypress/psoc creator/4.3/psoc creator/import/gnu/arm/5.4.1/bin/../lib/gcc/arm-none-eabi/5.4.1/armv7-m/crtbegin.o

.stab
 *(.stab)

.stabstr
 *(.stabstr)

.debug
 *(.debug)

.line
 *(.line)

.debug_srcinfo
 *(.debug_srcinfo)

.debug_sfnames
 *(.debug_sfnames)

.debug_aranges  0x00000000      0x700
 *(.debug_aranges)
 .debug_aranges
                0x00000000       0x28 .\CortexM3\ARM_GCC_541\Debug\main.o
 .debug_aranges
                0x00000028       0x58 .\CortexM3\ARM_GCC_541\Debug\cyfitter_cfg.o
 .debug_aranges
                0x00000080       0x18 .\CortexM3\ARM_GCC_541\Debug\cymetadata.o
 .debug_aranges
                0x00000098       0x48 .\CortexM3\ARM_GCC_541\Debug\Cm3Start.o
 .debug_aranges
                0x000000e0       0xf0 .\CortexM3\ARM_GCC_541\Debug\Ultrasonic1sensor.a(UART_1.o)
 .debug_aranges
                0x000001d0       0x70 .\CortexM3\ARM_GCC_541\Debug\Ultrasonic1sensor.a(UART_1_IntClock.o)
 .debug_aranges
                0x00000240      0x2a0 .\CortexM3\ARM_GCC_541\Debug\Ultrasonic1sensor.a(CyLib.o)
 .debug_aranges
                0x000004e0       0x98 .\CortexM3\ARM_GCC_541\Debug\Ultrasonic1sensor.a(cyPm.o)
 .debug_aranges
                0x00000578       0x38 .\CortexM3\ARM_GCC_541\Debug\Ultrasonic1sensor.a(Pin_S1_Trig.o)
 .debug_aranges
                0x000005b0       0x38 .\CortexM3\ARM_GCC_541\Debug\Ultrasonic1sensor.a(Pin_S1_Echo.o)
 .debug_aranges
                0x000005e8       0x20 .\CortexM3\ARM_GCC_541\Debug\Ultrasonic1sensor.a(CyBootAsmGnu.o)
 .debug_aranges
                0x00000608       0x80 .\CortexM3\ARM_GCC_541\Debug\Ultrasonic1sensor.a(CyFlash.o)
 .debug_aranges
                0x00000688       0x78 .\CortexM3\ARM_GCC_541\Debug\Ultrasonic1sensor.a(CySpc.o)

.debug_pubnames
 *(.debug_pubnames)

.debug_info     0x00000000     0x3fd1
 *(.debug_info .gnu.linkonce.wi.*)
 .debug_info    0x00000000      0x291 .\CortexM3\ARM_GCC_541\Debug\main.o
 .debug_info    0x00000291      0x4c9 .\CortexM3\ARM_GCC_541\Debug\cyfitter_cfg.o
 .debug_info    0x0000075a      0x135 .\CortexM3\ARM_GCC_541\Debug\cymetadata.o
 .debug_info    0x0000088f      0x3b5 .\CortexM3\ARM_GCC_541\Debug\Cm3Start.o
 .debug_info    0x00000c44      0x60c .\CortexM3\ARM_GCC_541\Debug\Ultrasonic1sensor.a(UART_1.o)
 .debug_info    0x00001250      0x283 .\CortexM3\ARM_GCC_541\Debug\Ultrasonic1sensor.a(UART_1_IntClock.o)
 .debug_info    0x000014d3     0x1374 .\CortexM3\ARM_GCC_541\Debug\Ultrasonic1sensor.a(CyLib.o)
 .debug_info    0x00002847      0xa1d .\CortexM3\ARM_GCC_541\Debug\Ultrasonic1sensor.a(cyPm.o)
 .debug_info    0x00003264      0x11f .\CortexM3\ARM_GCC_541\Debug\Ultrasonic1sensor.a(Pin_S1_Trig.o)
 .debug_info    0x00003383      0x11f .\CortexM3\ARM_GCC_541\Debug\Ultrasonic1sensor.a(Pin_S1_Echo.o)
 .debug_info    0x000034a2       0x8e .\CortexM3\ARM_GCC_541\Debug\Ultrasonic1sensor.a(CyBootAsmGnu.o)
 .debug_info    0x00003530      0x5b8 .\CortexM3\ARM_GCC_541\Debug\Ultrasonic1sensor.a(CyFlash.o)
 .debug_info    0x00003ae8      0x4e9 .\CortexM3\ARM_GCC_541\Debug\Ultrasonic1sensor.a(CySpc.o)

.debug_abbrev   0x00000000     0x1069
 *(.debug_abbrev)
 .debug_abbrev  0x00000000      0x110 .\CortexM3\ARM_GCC_541\Debug\main.o
 .debug_abbrev  0x00000110      0x1fe .\CortexM3\ARM_GCC_541\Debug\cyfitter_cfg.o
 .debug_abbrev  0x0000030e       0x66 .\CortexM3\ARM_GCC_541\Debug\cymetadata.o
 .debug_abbrev  0x00000374      0x1e8 .\CortexM3\ARM_GCC_541\Debug\Cm3Start.o
 .debug_abbrev  0x0000055c      0x175 .\CortexM3\ARM_GCC_541\Debug\Ultrasonic1sensor.a(UART_1.o)
 .debug_abbrev  0x000006d1      0x139 .\CortexM3\ARM_GCC_541\Debug\Ultrasonic1sensor.a(UART_1_IntClock.o)
 .debug_abbrev  0x0000080a      0x254 .\CortexM3\ARM_GCC_541\Debug\Ultrasonic1sensor.a(CyLib.o)
 .debug_abbrev  0x00000a5e      0x1ab .\CortexM3\ARM_GCC_541\Debug\Ultrasonic1sensor.a(cyPm.o)
 .debug_abbrev  0x00000c09       0x90 .\CortexM3\ARM_GCC_541\Debug\Ultrasonic1sensor.a(Pin_S1_Trig.o)
 .debug_abbrev  0x00000c99       0x90 .\CortexM3\ARM_GCC_541\Debug\Ultrasonic1sensor.a(Pin_S1_Echo.o)
 .debug_abbrev  0x00000d29       0x14 .\CortexM3\ARM_GCC_541\Debug\Ultrasonic1sensor.a(CyBootAsmGnu.o)
 .debug_abbrev  0x00000d3d      0x198 .\CortexM3\ARM_GCC_541\Debug\Ultrasonic1sensor.a(CyFlash.o)
 .debug_abbrev  0x00000ed5      0x194 .\CortexM3\ARM_GCC_541\Debug\Ultrasonic1sensor.a(CySpc.o)

.debug_line     0x00000000     0x1cfe
 *(.debug_line)
 .debug_line    0x00000000      0x23f .\CortexM3\ARM_GCC_541\Debug\main.o
 .debug_line    0x0000023f      0x1d7 .\CortexM3\ARM_GCC_541\Debug\cyfitter_cfg.o
 .debug_line    0x00000416      0x141 .\CortexM3\ARM_GCC_541\Debug\cymetadata.o
 .debug_line    0x00000557      0x234 .\CortexM3\ARM_GCC_541\Debug\Cm3Start.o
 .debug_line    0x0000078b      0x2c0 .\CortexM3\ARM_GCC_541\Debug\Ultrasonic1sensor.a(UART_1.o)
 .debug_line    0x00000a4b      0x17e .\CortexM3\ARM_GCC_541\Debug\Ultrasonic1sensor.a(UART_1_IntClock.o)
 .debug_line    0x00000bc9      0x816 .\CortexM3\ARM_GCC_541\Debug\Ultrasonic1sensor.a(CyLib.o)
 .debug_line    0x000013df      0x364 .\CortexM3\ARM_GCC_541\Debug\Ultrasonic1sensor.a(cyPm.o)
 .debug_line    0x00001743       0x98 .\CortexM3\ARM_GCC_541\Debug\Ultrasonic1sensor.a(Pin_S1_Trig.o)
 .debug_line    0x000017db       0x98 .\CortexM3\ARM_GCC_541\Debug\Ultrasonic1sensor.a(Pin_S1_Echo.o)
 .debug_line    0x00001873       0x66 .\CortexM3\ARM_GCC_541\Debug\Ultrasonic1sensor.a(CyBootAsmGnu.o)
 .debug_line    0x000018d9      0x1e9 .\CortexM3\ARM_GCC_541\Debug\Ultrasonic1sensor.a(CyFlash.o)
 .debug_line    0x00001ac2      0x23c .\CortexM3\ARM_GCC_541\Debug\Ultrasonic1sensor.a(CySpc.o)

.debug_frame    0x00000000     0x19e0
 *(.debug_frame)
 .debug_frame   0x00000000       0x48 .\CortexM3\ARM_GCC_541\Debug\main.o
 .debug_frame   0x00000048       0xe4 .\CortexM3\ARM_GCC_541\Debug\cyfitter_cfg.o
 .debug_frame   0x0000012c       0xb8 .\CortexM3\ARM_GCC_541\Debug\Cm3Start.o
 .debug_frame   0x000001e4      0x250 .\CortexM3\ARM_GCC_541\Debug\Ultrasonic1sensor.a(UART_1.o)
 .debug_frame   0x00000434       0xe0 .\CortexM3\ARM_GCC_541\Debug\Ultrasonic1sensor.a(UART_1_IntClock.o)
 .debug_frame   0x00000514      0x738 .\CortexM3\ARM_GCC_541\Debug\Ultrasonic1sensor.a(CyLib.o)
 .debug_frame   0x00000c4c      0x1f8 .\CortexM3\ARM_GCC_541\Debug\Ultrasonic1sensor.a(cyPm.o)
 .debug_frame   0x00000e44       0x50 .\CortexM3\ARM_GCC_541\Debug\Ultrasonic1sensor.a(Pin_S1_Trig.o)
 .debug_frame   0x00000e94       0x50 .\CortexM3\ARM_GCC_541\Debug\Ultrasonic1sensor.a(Pin_S1_Echo.o)
 .debug_frame   0x00000ee4      0x174 .\CortexM3\ARM_GCC_541\Debug\Ultrasonic1sensor.a(CyFlash.o)
 .debug_frame   0x00001058      0x160 .\CortexM3\ARM_GCC_541\Debug\Ultrasonic1sensor.a(CySpc.o)
 .debug_frame   0x000011b8       0x20 c:/program files (x86)/cypress/psoc creator/4.3/psoc creator/import/gnu/arm/5.4.1/bin/../lib/gcc/arm-none-eabi/5.4.1/../../../../arm-none-eabi/lib/armv7-m\libg_nano.a(lib_a-errno.o)
 .debug_frame   0x000011d8       0x28 c:/program files (x86)/cypress/psoc creator/4.3/psoc creator/import/gnu/arm/5.4.1/bin/../lib/gcc/arm-none-eabi/5.4.1/../../../../arm-none-eabi/lib/armv7-m\libg_nano.a(lib_a-exit.o)
 .debug_frame   0x00001200       0x2c c:/program files (x86)/cypress/psoc creator/4.3/psoc creator/import/gnu/arm/5.4.1/bin/../lib/gcc/arm-none-eabi/5.4.1/../../../../arm-none-eabi/lib/armv7-m\libg_nano.a(lib_a-init.o)
 .debug_frame   0x0000122c       0x28 c:/program files (x86)/cypress/psoc creator/4.3/psoc creator/import/gnu/arm/5.4.1/bin/../lib/gcc/arm-none-eabi/5.4.1/../../../../arm-none-eabi/lib/armv7-m\libg_nano.a(lib_a-memcpy-stub.o)
 .debug_frame   0x00001254       0x20 c:/program files (x86)/cypress/psoc creator/4.3/psoc creator/import/gnu/arm/5.4.1/bin/../lib/gcc/arm-none-eabi/5.4.1/../../../../arm-none-eabi/lib/armv7-m\libg_nano.a(lib_a-memset.o)
 .debug_frame   0x00001274       0x8c c:/program files (x86)/cypress/psoc creator/4.3/psoc creator/import/gnu/arm/5.4.1/bin/../lib/gcc/arm-none-eabi/5.4.1/../../../../arm-none-eabi/lib/armv7-m\libg_nano.a(lib_a-nano-vfprintf_float.o)
 .debug_frame   0x00001300       0x60 c:/program files (x86)/cypress/psoc creator/4.3/psoc creator/import/gnu/arm/5.4.1/bin/../lib/gcc/arm-none-eabi/5.4.1/../../../../arm-none-eabi/lib/armv7-m\libg_nano.a(lib_a-nano-vfprintf_i.o)
 .debug_frame   0x00001360       0x74 c:/program files (x86)/cypress/psoc creator/4.3/psoc creator/import/gnu/arm/5.4.1/bin/../lib/gcc/arm-none-eabi/5.4.1/../../../../arm-none-eabi/lib/armv7-m\libg_nano.a(lib_a-snprintf.o)
 .debug_frame   0x000013d4       0x6c c:/program files (x86)/cypress/psoc creator/4.3/psoc creator/import/gnu/arm/5.4.1/bin/../lib/gcc/arm-none-eabi/5.4.1/../../../../arm-none-eabi/lib/armv7-m\libg_nano.a(lib_a-dtoa.o)
 .debug_frame   0x00001440       0x98 c:/program files (x86)/cypress/psoc creator/4.3/psoc creator/import/gnu/arm/5.4.1/bin/../lib/gcc/arm-none-eabi/5.4.1/../../../../arm-none-eabi/lib/armv7-m\libg_nano.a(lib_a-locale.o)
 .debug_frame   0x000014d8       0x30 c:/program files (x86)/cypress/psoc creator/4.3/psoc creator/import/gnu/arm/5.4.1/bin/../lib/gcc/arm-none-eabi/5.4.1/../../../../arm-none-eabi/lib/armv7-m\libg_nano.a(lib_a-malloc.o)
 .debug_frame   0x00001508       0x28 c:/program files (x86)/cypress/psoc creator/4.3/psoc creator/import/gnu/arm/5.4.1/bin/../lib/gcc/arm-none-eabi/5.4.1/../../../../arm-none-eabi/lib/armv7-m\libg_nano.a(lib_a-memchr-stub.o)
 .debug_frame   0x00001530      0x234 c:/program files (x86)/cypress/psoc creator/4.3/psoc creator/import/gnu/arm/5.4.1/bin/../lib/gcc/arm-none-eabi/5.4.1/../../../../arm-none-eabi/lib/armv7-m\libg_nano.a(lib_a-mprec.o)
 .debug_frame   0x00001764       0x2c c:/program files (x86)/cypress/psoc creator/4.3/psoc creator/import/gnu/arm/5.4.1/bin/../lib/gcc/arm-none-eabi/5.4.1/../../../../arm-none-eabi/lib/armv7-m\libg_nano.a(lib_a-nano-callocr.o)
 .debug_frame   0x00001790       0x38 c:/program files (x86)/cypress/psoc creator/4.3/psoc creator/import/gnu/arm/5.4.1/bin/../lib/gcc/arm-none-eabi/5.4.1/../../../../arm-none-eabi/lib/armv7-m\libg_nano.a(lib_a-nano-freer.o)
 .debug_frame   0x000017c8       0x2c c:/program files (x86)/cypress/psoc creator/4.3/psoc creator/import/gnu/arm/5.4.1/bin/../lib/gcc/arm-none-eabi/5.4.1/../../../../arm-none-eabi/lib/armv7-m\libg_nano.a(lib_a-nano-mallocr.o)
 .debug_frame   0x000017f4       0x90 c:/program files (x86)/cypress/psoc creator/4.3/psoc creator/import/gnu/arm/5.4.1/bin/../lib/gcc/arm-none-eabi/5.4.1/../../../../arm-none-eabi/lib/armv7-m\libg_nano.a(lib_a-nano-svfprintf.o)
 .debug_frame   0x00001884       0x2c c:/program files (x86)/cypress/psoc creator/4.3/psoc creator/import/gnu/arm/5.4.1/bin/../lib/gcc/arm-none-eabi/5.4.1/../../../../arm-none-eabi/lib/armv7-m\libg_nano.a(lib_a-sbrkr.o)
 .debug_frame   0x000018b0       0x20 c:/program files (x86)/cypress/psoc creator/4.3/psoc creator/import/gnu/arm/5.4.1/bin/../lib/gcc/arm-none-eabi/5.4.1/../../../../arm-none-eabi/lib/armv7-m\libg_nano.a(lib_a-strcmp.o)
 .debug_frame   0x000018d0       0x28 c:/program files (x86)/cypress/psoc creator/4.3/psoc creator/import/gnu/arm/5.4.1/bin/../lib/gcc/arm-none-eabi/5.4.1/../../../../arm-none-eabi/lib/armv7-m\libg_nano.a(lib_a-memmove.o)
 .debug_frame   0x000018f8       0x30 c:/program files (x86)/cypress/psoc creator/4.3/psoc creator/import/gnu/arm/5.4.1/bin/../lib/gcc/arm-none-eabi/5.4.1/../../../../arm-none-eabi/lib/armv7-m\libg_nano.a(lib_a-mlock.o)
 .debug_frame   0x00001928       0x3c c:/program files (x86)/cypress/psoc creator/4.3/psoc creator/import/gnu/arm/5.4.1/bin/../lib/gcc/arm-none-eabi/5.4.1/../../../../arm-none-eabi/lib/armv7-m\libg_nano.a(lib_a-nano-reallocr.o)
 .debug_frame   0x00001964       0x5c c:/program files (x86)/cypress/psoc creator/4.3/psoc creator/import/gnu/arm/5.4.1/bin/../lib/gcc/arm-none-eabi/5.4.1/../../../../arm-none-eabi/lib/armv7-m\libg_nano.a(lib_a-reent.o)
 .debug_frame   0x000019c0       0x20 c:/program files (x86)/cypress/psoc creator/4.3/psoc creator/import/gnu/arm/5.4.1/bin/../lib/gcc/arm-none-eabi/5.4.1/../../../../arm-none-eabi/lib/armv7-m\libg_nano.a(lib_a-nano-msizer.o)

.debug_str      0x00000000     0x1831
 *(.debug_str)
 .debug_str     0x00000000      0x1d9 .\CortexM3\ARM_GCC_541\Debug\main.o
                                0x221 (size before relaxing)
 .debug_str     0x000001d9      0x181 .\CortexM3\ARM_GCC_541\Debug\cyfitter_cfg.o
                                0x30d (size before relaxing)
 .debug_str     0x0000035a       0x7f .\CortexM3\ARM_GCC_541\Debug\cymetadata.o
                                0x1e2 (size before relaxing)
 .debug_str     0x000003d9      0x144 .\CortexM3\ARM_GCC_541\Debug\Cm3Start.o
                                0x308 (size before relaxing)
 .debug_str     0x0000051d      0x2f4 .\CortexM3\ARM_GCC_541\Debug\Ultrasonic1sensor.a(UART_1.o)
                                0x4b1 (size before relaxing)
 .debug_str     0x00000811      0x19d .\CortexM3\ARM_GCC_541\Debug\Ultrasonic1sensor.a(UART_1_IntClock.o)
                                0x34c (size before relaxing)
 .debug_str     0x000009ae      0x80f .\CortexM3\ARM_GCC_541\Debug\Ultrasonic1sensor.a(CyLib.o)
                                0xa45 (size before relaxing)
 .debug_str     0x000011bd      0x359 .\CortexM3\ARM_GCC_541\Debug\Ultrasonic1sensor.a(cyPm.o)
                                0x725 (size before relaxing)
 .debug_str     0x00001516       0x72 .\CortexM3\ARM_GCC_541\Debug\Ultrasonic1sensor.a(Pin_S1_Trig.o)
                                0x1fe (size before relaxing)
 .debug_str     0x00001588       0x68 .\CortexM3\ARM_GCC_541\Debug\Ultrasonic1sensor.a(Pin_S1_Echo.o)
                                0x1fe (size before relaxing)
 .debug_str     0x000015f0      0x195 .\CortexM3\ARM_GCC_541\Debug\Ultrasonic1sensor.a(CyFlash.o)
                                0x39f (size before relaxing)
 .debug_str     0x00001785       0xac .\CortexM3\ARM_GCC_541\Debug\Ultrasonic1sensor.a(CySpc.o)
                                0x328 (size before relaxing)

.debug_loc      0x00000000     0x1c89
 *(.debug_loc)
 .debug_loc     0x00000000       0x32 .\CortexM3\ARM_GCC_541\Debug\main.o
 .debug_loc     0x00000032      0x1d7 .\CortexM3\ARM_GCC_541\Debug\cyfitter_cfg.o
 .debug_loc     0x00000209      0x144 .\CortexM3\ARM_GCC_541\Debug\Cm3Start.o
 .debug_loc     0x0000034d      0x258 .\CortexM3\ARM_GCC_541\Debug\Ultrasonic1sensor.a(UART_1.o)
 .debug_loc     0x000005a5      0x12c .\CortexM3\ARM_GCC_541\Debug\Ultrasonic1sensor.a(UART_1_IntClock.o)
 .debug_loc     0x000006d1      0xa11 .\CortexM3\ARM_GCC_541\Debug\Ultrasonic1sensor.a(CyLib.o)
 .debug_loc     0x000010e2      0x1e4 .\CortexM3\ARM_GCC_541\Debug\Ultrasonic1sensor.a(cyPm.o)
 .debug_loc     0x000012c6       0x42 .\CortexM3\ARM_GCC_541\Debug\Ultrasonic1sensor.a(Pin_S1_Trig.o)
 .debug_loc     0x00001308       0x42 .\CortexM3\ARM_GCC_541\Debug\Ultrasonic1sensor.a(Pin_S1_Echo.o)
 .debug_loc     0x0000134a      0x2f2 .\CortexM3\ARM_GCC_541\Debug\Ultrasonic1sensor.a(CyFlash.o)
 .debug_loc     0x0000163c      0x64d .\CortexM3\ARM_GCC_541\Debug\Ultrasonic1sensor.a(CySpc.o)

.debug_macinfo
 *(.debug_macinfo)

.debug_ranges   0x00000000      0x618
 *(.debug_ranges)
 .debug_ranges  0x00000000       0x18 .\CortexM3\ARM_GCC_541\Debug\main.o
 .debug_ranges  0x00000018       0x48 .\CortexM3\ARM_GCC_541\Debug\cyfitter_cfg.o
 .debug_ranges  0x00000060       0x38 .\CortexM3\ARM_GCC_541\Debug\Cm3Start.o
 .debug_ranges  0x00000098       0xe0 .\CortexM3\ARM_GCC_541\Debug\Ultrasonic1sensor.a(UART_1.o)
 .debug_ranges  0x00000178       0x60 .\CortexM3\ARM_GCC_541\Debug\Ultrasonic1sensor.a(UART_1_IntClock.o)
 .debug_ranges  0x000001d8      0x290 .\CortexM3\ARM_GCC_541\Debug\Ultrasonic1sensor.a(CyLib.o)
 .debug_ranges  0x00000468       0x88 .\CortexM3\ARM_GCC_541\Debug\Ultrasonic1sensor.a(cyPm.o)
 .debug_ranges  0x000004f0       0x28 .\CortexM3\ARM_GCC_541\Debug\Ultrasonic1sensor.a(Pin_S1_Trig.o)
 .debug_ranges  0x00000518       0x28 .\CortexM3\ARM_GCC_541\Debug\Ultrasonic1sensor.a(Pin_S1_Echo.o)
 .debug_ranges  0x00000540       0x70 .\CortexM3\ARM_GCC_541\Debug\Ultrasonic1sensor.a(CyFlash.o)
 .debug_ranges  0x000005b0       0x68 .\CortexM3\ARM_GCC_541\Debug\Ultrasonic1sensor.a(CySpc.o)

.comment        0x00000000       0x6e
 .comment       0x00000000       0x6e .\CortexM3\ARM_GCC_541\Debug\main.o
                                 0x6f (size before relaxing)
 .comment       0x0000006e       0x6f .\CortexM3\ARM_GCC_541\Debug\cyfitter_cfg.o
 .comment       0x0000006e       0x6f .\CortexM3\ARM_GCC_541\Debug\cymetadata.o
 .comment       0x0000006e       0x6f .\CortexM3\ARM_GCC_541\Debug\Cm3Start.o
 .comment       0x0000006e       0x6f .\CortexM3\ARM_GCC_541\Debug\Ultrasonic1sensor.a(UART_1.o)
 .comment       0x0000006e       0x6f .\CortexM3\ARM_GCC_541\Debug\Ultrasonic1sensor.a(UART_1_IntClock.o)
 .comment       0x0000006e       0x6f .\CortexM3\ARM_GCC_541\Debug\Ultrasonic1sensor.a(CyLib.o)
 .comment       0x0000006e       0x6f .\CortexM3\ARM_GCC_541\Debug\Ultrasonic1sensor.a(cyPm.o)
 .comment       0x0000006e       0x6f .\CortexM3\ARM_GCC_541\Debug\Ultrasonic1sensor.a(Pin_S1_Trig.o)
 .comment       0x0000006e       0x6f .\CortexM3\ARM_GCC_541\Debug\Ultrasonic1sensor.a(Pin_S1_Echo.o)
 .comment       0x0000006e       0x6f .\CortexM3\ARM_GCC_541\Debug\Ultrasonic1sensor.a(CyFlash.o)
 .comment       0x0000006e       0x6f .\CortexM3\ARM_GCC_541\Debug\Ultrasonic1sensor.a(CySpc.o)

.debug_weaknames
 *(.debug_weaknames)

.debug_funcnames
 *(.debug_funcnames)

.debug_typenames
 *(.debug_typenames)

.debug_varnames
 *(.debug_varnames)

.note.gnu.arm.ident
 *(.note.gnu.arm.ident)

.ARM.attributes
                0x00000000       0x29
 *(.ARM.attributes)
 .ARM.attributes
                0x00000000       0x1d c:/program files (x86)/cypress/psoc creator/4.3/psoc creator/import/gnu/arm/5.4.1/bin/../lib/gcc/arm-none-eabi/5.4.1/armv7-m/crti.o
 .ARM.attributes
                0x0000001d       0x2d c:/program files (x86)/cypress/psoc creator/4.3/psoc creator/import/gnu/arm/5.4.1/bin/../lib/gcc/arm-none-eabi/5.4.1/armv7-m/crtbegin.o
 .ARM.attributes
                0x0000004a       0x1b c:/program files (x86)/cypress/psoc creator/4.3/psoc creator/import/gnu/arm/5.4.1/bin/../lib/gcc/arm-none-eabi/5.4.1/../../../../arm-none-eabi/lib/armv7-m/crt0.o
 .ARM.attributes
                0x00000065       0x33 .\CortexM3\ARM_GCC_541\Debug\main.o
 .ARM.attributes
                0x00000098       0x33 .\CortexM3\ARM_GCC_541\Debug\cyfitter_cfg.o
 .ARM.attributes
                0x000000cb       0x33 .\CortexM3\ARM_GCC_541\Debug\cymetadata.o
 .ARM.attributes
                0x000000fe       0x33 .\CortexM3\ARM_GCC_541\Debug\Cm3Start.o
 .ARM.attributes
                0x00000131       0x33 .\CortexM3\ARM_GCC_541\Debug\Ultrasonic1sensor.a(UART_1.o)
 .ARM.attributes
                0x00000164       0x33 .\CortexM3\ARM_GCC_541\Debug\Ultrasonic1sensor.a(UART_1_IntClock.o)
 .ARM.attributes
                0x00000197       0x33 .\CortexM3\ARM_GCC_541\Debug\Ultrasonic1sensor.a(CyLib.o)
 .ARM.attributes
                0x000001ca       0x33 .\CortexM3\ARM_GCC_541\Debug\Ultrasonic1sensor.a(cyPm.o)
 .ARM.attributes
                0x000001fd       0x33 .\CortexM3\ARM_GCC_541\Debug\Ultrasonic1sensor.a(Pin_S1_Trig.o)
 .ARM.attributes
                0x00000230       0x33 .\CortexM3\ARM_GCC_541\Debug\Ultrasonic1sensor.a(Pin_S1_Echo.o)
 .ARM.attributes
                0x00000263       0x21 .\CortexM3\ARM_GCC_541\Debug\Ultrasonic1sensor.a(CyBootAsmGnu.o)
 .ARM.attributes
                0x00000284       0x33 .\CortexM3\ARM_GCC_541\Debug\Ultrasonic1sensor.a(CyFlash.o)
 .ARM.attributes
                0x000002b7       0x33 .\CortexM3\ARM_GCC_541\Debug\Ultrasonic1sensor.a(CySpc.o)
 .ARM.attributes
                0x000002ea       0x1d c:/program files (x86)/cypress/psoc creator/4.3/psoc creator/import/gnu/arm/5.4.1/bin/../lib/gcc/arm-none-eabi/5.4.1/armv7-m\libgcc.a(_arm_addsubdf3.o)
 .ARM.attributes
                0x00000307       0x1d c:/program files (x86)/cypress/psoc creator/4.3/psoc creator/import/gnu/arm/5.4.1/bin/../lib/gcc/arm-none-eabi/5.4.1/armv7-m\libgcc.a(_arm_addsubsf3.o)
 .ARM.attributes
                0x00000324       0x2d c:/program files (x86)/cypress/psoc creator/4.3/psoc creator/import/gnu/arm/5.4.1/bin/../lib/gcc/arm-none-eabi/5.4.1/../../../../arm-none-eabi/lib/armv7-m\libg_nano.a(lib_a-errno.o)
 .ARM.attributes
                0x00000351       0x2d c:/program files (x86)/cypress/psoc creator/4.3/psoc creator/import/gnu/arm/5.4.1/bin/../lib/gcc/arm-none-eabi/5.4.1/../../../../arm-none-eabi/lib/armv7-m\libg_nano.a(lib_a-exit.o)
 .ARM.attributes
                0x0000037e       0x2d c:/program files (x86)/cypress/psoc creator/4.3/psoc creator/import/gnu/arm/5.4.1/bin/../lib/gcc/arm-none-eabi/5.4.1/../../../../arm-none-eabi/lib/armv7-m\libg_nano.a(lib_a-impure.o)
 .ARM.attributes
                0x000003ab       0x2d c:/program files (x86)/cypress/psoc creator/4.3/psoc creator/import/gnu/arm/5.4.1/bin/../lib/gcc/arm-none-eabi/5.4.1/../../../../arm-none-eabi/lib/armv7-m\libg_nano.a(lib_a-init.o)
 .ARM.attributes
                0x000003d8       0x2d c:/program files (x86)/cypress/psoc creator/4.3/psoc creator/import/gnu/arm/5.4.1/bin/../lib/gcc/arm-none-eabi/5.4.1/../../../../arm-none-eabi/lib/armv7-m\libg_nano.a(lib_a-memcpy-stub.o)
 .ARM.attributes
                0x00000405       0x2d c:/program files (x86)/cypress/psoc creator/4.3/psoc creator/import/gnu/arm/5.4.1/bin/../lib/gcc/arm-none-eabi/5.4.1/../../../../arm-none-eabi/lib/armv7-m\libg_nano.a(lib_a-memset.o)
 .ARM.attributes
                0x00000432       0x2d c:/program files (x86)/cypress/psoc creator/4.3/psoc creator/import/gnu/arm/5.4.1/bin/../lib/gcc/arm-none-eabi/5.4.1/../../../../arm-none-eabi/lib/armv7-m\libg_nano.a(lib_a-nano-vfprintf_float.o)
 .ARM.attributes
                0x0000045f       0x2d c:/program files (x86)/cypress/psoc creator/4.3/psoc creator/import/gnu/arm/5.4.1/bin/../lib/gcc/arm-none-eabi/5.4.1/../../../../arm-none-eabi/lib/armv7-m\libg_nano.a(lib_a-nano-vfprintf_i.o)
 .ARM.attributes
                0x0000048c       0x2d c:/program files (x86)/cypress/psoc creator/4.3/psoc creator/import/gnu/arm/5.4.1/bin/../lib/gcc/arm-none-eabi/5.4.1/../../../../arm-none-eabi/lib/armv7-m\libg_nano.a(lib_a-snprintf.o)
 .ARM.attributes
                0x000004b9       0x17 c:/program files (x86)/cypress/psoc creator/4.3/psoc creator/import/gnu/arm/5.4.1/bin/../lib/gcc/arm-none-eabi/5.4.1/../../../../arm-none-eabi/lib/armv7-m\libg_nano.a(lib_a-strlen.o)
 .ARM.attributes
                0x000004d0       0x2d c:/program files (x86)/cypress/psoc creator/4.3/psoc creator/import/gnu/arm/5.4.1/bin/../lib/gcc/arm-none-eabi/5.4.1/../../../../arm-none-eabi/lib/armv7-m\libg_nano.a(lib_a-dtoa.o)
 .ARM.attributes
                0x000004fd       0x2d c:/program files (x86)/cypress/psoc creator/4.3/psoc creator/import/gnu/arm/5.4.1/bin/../lib/gcc/arm-none-eabi/5.4.1/../../../../arm-none-eabi/lib/armv7-m\libg_nano.a(lib_a-locale.o)
 .ARM.attributes
                0x0000052a       0x2d c:/program files (x86)/cypress/psoc creator/4.3/psoc creator/import/gnu/arm/5.4.1/bin/../lib/gcc/arm-none-eabi/5.4.1/../../../../arm-none-eabi/lib/armv7-m\libg_nano.a(lib_a-malloc.o)
 .ARM.attributes
                0x00000557       0x2d c:/program files (x86)/cypress/psoc creator/4.3/psoc creator/import/gnu/arm/5.4.1/bin/../lib/gcc/arm-none-eabi/5.4.1/../../../../arm-none-eabi/lib/armv7-m\libg_nano.a(lib_a-memchr-stub.o)
 .ARM.attributes
                0x00000584       0x2d c:/program files (x86)/cypress/psoc creator/4.3/psoc creator/import/gnu/arm/5.4.1/bin/../lib/gcc/arm-none-eabi/5.4.1/../../../../arm-none-eabi/lib/armv7-m\libg_nano.a(lib_a-mprec.o)
 .ARM.attributes
                0x000005b1       0x2d c:/program files (x86)/cypress/psoc creator/4.3/psoc creator/import/gnu/arm/5.4.1/bin/../lib/gcc/arm-none-eabi/5.4.1/../../../../arm-none-eabi/lib/armv7-m\libg_nano.a(lib_a-nano-callocr.o)
 .ARM.attributes
                0x000005de       0x2d c:/program files (x86)/cypress/psoc creator/4.3/psoc creator/import/gnu/arm/5.4.1/bin/../lib/gcc/arm-none-eabi/5.4.1/../../../../arm-none-eabi/lib/armv7-m\libg_nano.a(lib_a-nano-freer.o)
 .ARM.attributes
                0x0000060b       0x2d c:/program files (x86)/cypress/psoc creator/4.3/psoc creator/import/gnu/arm/5.4.1/bin/../lib/gcc/arm-none-eabi/5.4.1/../../../../arm-none-eabi/lib/armv7-m\libg_nano.a(lib_a-nano-mallocr.o)
 .ARM.attributes
                0x00000638       0x2d c:/program files (x86)/cypress/psoc creator/4.3/psoc creator/import/gnu/arm/5.4.1/bin/../lib/gcc/arm-none-eabi/5.4.1/../../../../arm-none-eabi/lib/armv7-m\libg_nano.a(lib_a-nano-svfprintf.o)
 .ARM.attributes
                0x00000665       0x2d c:/program files (x86)/cypress/psoc creator/4.3/psoc creator/import/gnu/arm/5.4.1/bin/../lib/gcc/arm-none-eabi/5.4.1/../../../../arm-none-eabi/lib/armv7-m\libg_nano.a(lib_a-sbrkr.o)
 .ARM.attributes
                0x00000692       0x1b c:/program files (x86)/cypress/psoc creator/4.3/psoc creator/import/gnu/arm/5.4.1/bin/../lib/gcc/arm-none-eabi/5.4.1/../../../../arm-none-eabi/lib/armv7-m\libg_nano.a(lib_a-strcmp.o)
 .ARM.attributes
                0x000006ad       0x2d c:/program files (x86)/cypress/psoc creator/4.3/psoc creator/import/gnu/arm/5.4.1/bin/../lib/gcc/arm-none-eabi/5.4.1/../../../../arm-none-eabi/lib/armv7-m\libg_nano.a(lib_a-memmove.o)
 .ARM.attributes
                0x000006da       0x2d c:/program files (x86)/cypress/psoc creator/4.3/psoc creator/import/gnu/arm/5.4.1/bin/../lib/gcc/arm-none-eabi/5.4.1/../../../../arm-none-eabi/lib/armv7-m\libg_nano.a(lib_a-mlock.o)
 .ARM.attributes
                0x00000707       0x2d c:/program files (x86)/cypress/psoc creator/4.3/psoc creator/import/gnu/arm/5.4.1/bin/../lib/gcc/arm-none-eabi/5.4.1/../../../../arm-none-eabi/lib/armv7-m\libg_nano.a(lib_a-nano-reallocr.o)
 .ARM.attributes
                0x00000734       0x2d c:/program files (x86)/cypress/psoc creator/4.3/psoc creator/import/gnu/arm/5.4.1/bin/../lib/gcc/arm-none-eabi/5.4.1/../../../../arm-none-eabi/lib/armv7-m\libg_nano.a(lib_a-reent.o)
 .ARM.attributes
                0x00000761       0x2d c:/program files (x86)/cypress/psoc creator/4.3/psoc creator/import/gnu/arm/5.4.1/bin/../lib/gcc/arm-none-eabi/5.4.1/../../../../arm-none-eabi/lib/armv7-m\libg_nano.a(lib_a-nano-msizer.o)
 .ARM.attributes
                0x0000078e       0x1d c:/program files (x86)/cypress/psoc creator/4.3/psoc creator/import/gnu/arm/5.4.1/bin/../lib/gcc/arm-none-eabi/5.4.1/armv7-m\libgcc.a(_arm_muldivdf3.o)
 .ARM.attributes
                0x000007ab       0x1d c:/program files (x86)/cypress/psoc creator/4.3/psoc creator/import/gnu/arm/5.4.1/bin/../lib/gcc/arm-none-eabi/5.4.1/armv7-m\libgcc.a(_arm_cmpdf2.o)
 .ARM.attributes
                0x000007c8       0x1d c:/program files (x86)/cypress/psoc creator/4.3/psoc creator/import/gnu/arm/5.4.1/bin/../lib/gcc/arm-none-eabi/5.4.1/armv7-m\libgcc.a(_arm_unorddf2.o)
 .ARM.attributes
                0x000007e5       0x1d c:/program files (x86)/cypress/psoc creator/4.3/psoc creator/import/gnu/arm/5.4.1/bin/../lib/gcc/arm-none-eabi/5.4.1/armv7-m\libgcc.a(_arm_fixdfsi.o)
 .ARM.attributes
                0x00000802       0x2d c:/program files (x86)/cypress/psoc creator/4.3/psoc creator/import/gnu/arm/5.4.1/bin/../lib/gcc/arm-none-eabi/5.4.1/armv7-m/crtend.o
 .ARM.attributes
                0x0000082f       0x1d c:/program files (x86)/cypress/psoc creator/4.3/psoc creator/import/gnu/arm/5.4.1/bin/../lib/gcc/arm-none-eabi/5.4.1/armv7-m/crtn.o

/DISCARD/
 *(.note.GNU-stack)
OUTPUT(\\Mac\Home\Documents\Projekt\Ultrasonic\Ultrasonic1sensor.cydsn\CortexM3\ARM_GCC_541\Debug\Ultrasonic1sensor.elf elf32-littlearm)
